Component: ARM Compiler 5.06 update 5 (build 528) Tool: armlink [4d35e2]

==============================================================================

Section Cross References

    startup_stm32f103xb.o(RESET) refers to startup_stm32f103xb.o(STACK) for __initial_sp
    startup_stm32f103xb.o(RESET) refers to startup_stm32f103xb.o(.text) for Reset_Handler
    startup_stm32f103xb.o(RESET) refers to stm32f1xx_it.o(i.NMI_Handler) for NMI_Handler
    startup_stm32f103xb.o(RESET) refers to stm32f1xx_it.o(i.HardFault_Handler) for HardFault_Handler
    startup_stm32f103xb.o(RESET) refers to stm32f1xx_it.o(i.MemManage_Handler) for MemManage_Handler
    startup_stm32f103xb.o(RESET) refers to stm32f1xx_it.o(i.BusFault_Handler) for BusFault_Handler
    startup_stm32f103xb.o(RESET) refers to stm32f1xx_it.o(i.UsageFault_Handler) for UsageFault_Handler
    startup_stm32f103xb.o(RESET) refers to stm32f1xx_it.o(i.SVC_Handler) for SVC_Handler
    startup_stm32f103xb.o(RESET) refers to stm32f1xx_it.o(i.DebugMon_Handler) for DebugMon_Handler
    startup_stm32f103xb.o(RESET) refers to stm32f1xx_it.o(i.PendSV_Handler) for PendSV_Handler
    startup_stm32f103xb.o(RESET) refers to stm32f1xx_it.o(i.SysTick_Handler) for SysTick_Handler
    startup_stm32f103xb.o(RESET) refers to stm32f1xx_it.o(i.EXTI1_IRQHandler) for EXTI1_IRQHandler
    startup_stm32f103xb.o(RESET) refers to stm32f1xx_it.o(i.EXTI2_IRQHandler) for EXTI2_IRQHandler
    startup_stm32f103xb.o(RESET) refers to stm32f1xx_it.o(i.EXTI3_IRQHandler) for EXTI3_IRQHandler
    startup_stm32f103xb.o(RESET) refers to stm32f1xx_it.o(i.EXTI4_IRQHandler) for EXTI4_IRQHandler
    startup_stm32f103xb.o(RESET) refers to stm32f1xx_it.o(i.EXTI9_5_IRQHandler) for EXTI9_5_IRQHandler
    startup_stm32f103xb.o(RESET) refers to stm32f1xx_it.o(i.TIM2_IRQHandler) for TIM2_IRQHandler
    startup_stm32f103xb.o(RESET) refers to usart.o(i.USART1_IRQHandler) for USART1_IRQHandler
    startup_stm32f103xb.o(.text) refers to system_stm32f1xx.o(i.SystemInit) for SystemInit
    startup_stm32f103xb.o(.text) refers to entry.o(.ARM.Collect$$$$00000000) for __main
    mpu6050.o(i.MPU6050ReadAcc) refers to mpu6050.o(i.MPU6050_ReadData) for MPU6050_ReadData
    mpu6050.o(i.MPU6050ReadGyro) refers to mpu6050.o(i.MPU6050_ReadData) for MPU6050_ReadData
    mpu6050.o(i.MPU6050ReadID) refers to mpu6050.o(i.MPU6050_ReadData) for MPU6050_ReadData
    mpu6050.o(i.MPU6050ReadTemp) refers to mpu6050.o(i.MPU6050_ReadData) for MPU6050_ReadData
    mpu6050.o(i.MPU6050_Init) refers to stm32f1xx_hal.o(i.HAL_Delay) for HAL_Delay
    mpu6050.o(i.MPU6050_Init) refers to mpu6050.o(i.MPU6050_WriteReg) for MPU6050_WriteReg
    mpu6050.o(i.MPU6050_ReadData) refers to stm32f1xx_hal_i2c.o(i.HAL_I2C_Mem_Read) for HAL_I2C_Mem_Read
    mpu6050.o(i.MPU6050_ReadData) refers to i2c.o(.bss) for hi2c2
    mpu6050.o(i.MPU6050_ReturnTemp) refers to mpu6050.o(i.MPU6050_ReadData) for MPU6050_ReadData
    mpu6050.o(i.MPU6050_ReturnTemp) refers to dflti.o(.text) for __aeabi_i2d
    mpu6050.o(i.MPU6050_ReturnTemp) refers to ddiv.o(.text) for __aeabi_ddiv
    mpu6050.o(i.MPU6050_ReturnTemp) refers to dadd.o(.text) for __aeabi_dsub
    mpu6050.o(i.MPU6050_ReturnTemp) refers to dfixi.o(.text) for __aeabi_d2iz
    mpu6050.o(i.MPU6050_WriteReg) refers to stm32f1xx_hal_i2c.o(i.HAL_I2C_Mem_Write) for HAL_I2C_Mem_Write
    mpu6050.o(i.MPU6050_WriteReg) refers to i2c.o(.bss) for hi2c2
    mpu6050.o(i.MPU_INT_Init) refers to mpu6050.o(i.MPU6050_WriteReg) for MPU6050_WriteReg
    mpu6050.o(i.Motion_Interrupt) refers to mpu6050.o(i.MPU6050_WriteReg) for MPU6050_WriteReg
    pid.o(i.Kalman_GetAngle) refers to fadd.o(.text) for __aeabi_fsub
    pid.o(i.Kalman_GetAngle) refers to fmul.o(.text) for __aeabi_fmul
    pid.o(i.Kalman_GetAngle) refers to fdiv.o(.text) for __aeabi_fdiv
    pid.o(i.PID_Compute) refers to fadd.o(.text) for __aeabi_fsub
    pid.o(i.PID_Compute) refers to cfcmple.o(.text) for __aeabi_cfcmple
    pid.o(i.PID_Compute) refers to fmul.o(.text) for __aeabi_fmul
    pid.o(i.PID_Compute) refers to fdiv.o(.text) for __aeabi_fdiv
    pid.o(i.PID_Compute) refers to cfrcmple.o(.text) for __aeabi_cfrcmple
    usart.o(i.HAL_UART_MspInit) refers to stm32f1xx_hal_gpio.o(i.HAL_GPIO_Init) for HAL_GPIO_Init
    usart.o(i.HAL_UART_MspInit) refers to stm32f1xx_hal_cortex.o(i.HAL_NVIC_SetPriority) for HAL_NVIC_SetPriority
    usart.o(i.HAL_UART_MspInit) refers to stm32f1xx_hal_cortex.o(i.HAL_NVIC_EnableIRQ) for HAL_NVIC_EnableIRQ
    usart.o(i.HAL_UART_RxCpltCallback) refers to stm32f1xx_hal_uart.o(i.HAL_UART_Receive_IT) for HAL_UART_Receive_IT
    usart.o(i.HAL_UART_RxCpltCallback) refers to usart.o(.data) for .data
    usart.o(i.HAL_UART_RxCpltCallback) refers to usart.o(.bss) for .bss
    usart.o(i.MX_USART1_UART_Init) refers to stm32f1xx_hal_uart.o(i.HAL_UART_Init) for HAL_UART_Init
    usart.o(i.MX_USART1_UART_Init) refers to stm32f1xx_hal_uart.o(i.HAL_UART_Receive_IT) for HAL_UART_Receive_IT
[...]
    .text                                    0x08000e60   Section        0  fpstat.o(.text)
    .text                                    0x08000e64   Section        0  ctype_c.o(.text)
    .text                                    0x08000e8c   Section        0  dscalb.o(.text)
    .text                                    0x08000eba   Section        0  dfltul.o(.text)
    i.Application_Init                       0x08000ed4   Section        0  app.o(i.Application_Init)
    i.BusFault_Handler                       0x08001040   Section        0  stm32f1xx_it.o(i.BusFault_Handler)
    i.DebugMon_Handler                       0x08001042   Section        0  stm32f1xx_it.o(i.DebugMon_Handler)
    i.Display_Angle                          0x08001044   Section        0  display.o(i.Display_Angle)
    Display_Angle                            0x08001045   Thumb Code   164  display.o(i.Display_Angle)
    i.Display_Status                         0x080010f0   Section        0  display.o(i.Display_Status)
    i.EXTI1_IRQHandler                       0x08001270   Section        0  stm32f1xx_it.o(i.EXTI1_IRQHandler)
    i.EXTI2_IRQHandler                       0x08001276   Section        0  stm32f1xx_it.o(i.EXTI2_IRQHandler)
    i.EXTI3_IRQHandler                       0x0800127c   Section        0  stm32f1xx_it.o(i.EXTI3_IRQHandler)
    i.EXTI4_IRQHandler                       0x08001282   Section        0  stm32f1xx_it.o(i.EXTI4_IRQHandler)
    i.EXTI9_5_IRQHandler                     0x08001288   Section        0  stm32f1xx_it.o(i.EXTI9_5_IRQHandler)
    i.Error_Handler                          0x0800128e   Section        0  main.o(i.Error_Handler)
    i.Get_IR_Position                        0x08001294   Section        0  ir.o(i.Get_IR_Position)
    i.Get_IR_Roll_Angle                      0x080012b8   Section        0  ir.o(i.Get_IR_Roll_Angle)
    i.HAL_DMA_Abort                          0x080012c8   Section        0  stm32f1xx_hal_dma.o(i.HAL_DMA_Abort)
    i.HAL_DMA_Abort_IT                       0x08001310   Section        0  stm32f1xx_hal_dma.o(i.HAL_DMA_Abort_IT)
    i.HAL_Delay                              0x080013a8   Section        0  stm32f1xx_hal.o(i.HAL_Delay)
    i.HAL_GPIO_EXTI_Callback                 0x080013cc   Section        0  ir.o(i.HAL_GPIO_EXTI_Callback)
    i.HAL_GPIO_EXTI_IRQHandler               0x080013ec   Section        0  stm32f1xx_hal_gpio.o(i.HAL_GPIO_EXTI_IRQHandler)
    i.HAL_GPIO_Init                          0x08001404   Section        0  stm32f1xx_hal_gpio.o(i.HAL_GPIO_Init)
    i.HAL_GPIO_ReadPin                       0x080015f4   Section        0  stm32f1xx_hal_gpio.o(i.HAL_GPIO_ReadPin)
    i.HAL_GetTick                            0x08001604   Section        0  stm32f1xx_hal.o(i.HAL_GetTick)
    i.HAL_I2C_Init                           0x08001610   Section        0  stm32f1xx_hal_i2c.o(i.HAL_I2C_Init)
    i.HAL_I2C_Master_Transmit                0x080017a8   Section        0  stm32f1xx_hal_i2c.o(i.HAL_I2C_Master_Transmit)
    i.HAL_I2C_Mem_Read                       0x080018f0   Section        0  stm32f1xx_hal_i2c.o(i.HAL_I2C_Mem_Read)
    i.HAL_I2C_Mem_Write                      0x08001bd8   Section        0  stm32f1xx_hal_i2c.o(i.HAL_I2C_Mem_Write)
    i.HAL_I2C_MspInit                        0x08001d1c   Section        0  i2c.o(i.HAL_I2C_MspInit)
    i.HAL_IncTick                            0x08001dc8   Section        0  stm32f1xx_hal.o(i.HAL_IncTick)
    i.HAL_Init                               0x08001dd8   Section        0  stm32f1xx_hal.o(i.HAL_Init)
    i.HAL_InitTick                           0x08001dfc   Section        0  stm32f1xx_hal.o(i.HAL_InitTick)
    i.HAL_MspInit                            0x08001e40   Section        0  stm32f1xx_hal_msp.o(i.HAL_MspInit)
    i.HAL_NVIC_EnableIRQ                     0x08001e7c   Section        0  stm32f1xx_hal_cortex.o(i.HAL_NVIC_EnableIRQ)
    i.HAL_NVIC_SetPriority                   0x08001e98   Section        0  stm32f1xx_hal_cortex.o(i.HAL_NVIC_SetPriority)
    i.HAL_NVIC_SetPriorityGrouping           0x08001ed8   Section        0  stm32f1xx_hal_cortex.o(i.HAL_NVIC_SetPriorityGrouping)
    i.HAL_RCC_ClockConfig                    0x08001efc   Section        0  stm32f1xx_hal_rcc.o(i.HAL_RCC_ClockConfig)
    i.HAL_RCC_GetHCLKFreq                    0x08002050   Section        0  stm32f1xx_hal_rcc.o(i.HAL_RCC_GetHCLKFreq)
    i.HAL_RCC_GetPCLK1Freq                   0x0800205c   Section        0  stm32f1xx_hal_rcc.o(i.HAL_RCC_GetPCLK1Freq)
    i.HAL_RCC_GetSysClockFreq                0x0800207c   Section        0  stm32f1xx_hal_rcc.o(i.HAL_RCC_GetSysClockFreq)
    i.HAL_RCC_OscConfig                      0x080020c8   Section        0  stm32f1xx_hal_rcc.o(i.HAL_RCC_OscConfig)
    i.HAL_SYSTICK_Config                     0x0800244c   Section        0  stm32f1xx_hal_cortex.o(i.HAL_SYSTICK_Config)
    i.HAL_TIMEx_BreakCallback                0x08002474   Section        0  stm32f1xx_hal_tim_ex.o(i.HAL_TIMEx_BreakCallback)
    i.HAL_TIMEx_CommutCallback               0x08002476   Section        0  stm32f1xx_hal_tim_ex.o(i.HAL_TIMEx_CommutCallback)
    i.HAL_TIMEx_ConfigBreakDeadTime          0x08002478   Section        0  stm32f1xx_hal_tim_ex.o(i.HAL_TIMEx_ConfigBreakDeadTime)
    i.HAL_TIMEx_MasterConfigSynchronization  0x080024cc   Section        0  stm32f1xx_hal_tim_ex.o(i.HAL_TIMEx_MasterConfigSynchronization)
    i.HAL_TIM_Base_Init                      0x08002534   Section        0  stm32f1xx_hal_tim.o(i.HAL_TIM_Base_Init)
    i.HAL_TIM_Base_MspInit                   0x08002580   Section        0  tim.o(i.HAL_TIM_Base_MspInit)
    i.HAL_TIM_Base_Start_IT                  0x080025b8   Section        0  stm32f1xx_hal_tim.o(i.HAL_TIM_Base_Start_IT)
    i.HAL_TIM_ConfigClockSource              0x0800261c   Section        0  stm32f1xx_hal_tim.o(i.HAL_TIM_ConfigClockSource)
    i.HAL_TIM_IC_CaptureCallback             0x08002704   Section        0  stm32f1xx_hal_tim.o(i.HAL_TIM_IC_CaptureCallback)
    i.HAL_TIM_IRQHandler                     0x08002706   Section        0  stm32f1xx_hal_tim.o(i.HAL_TIM_IRQHandler)
    i.HAL_TIM_MspPostInit                    0x08002840   Section        0  tim.o(i.HAL_TIM_MspPostInit)
    i.HAL_TIM_OC_DelayElapsedCallback        0x0800288c   Section        0  stm32f1xx_hal_tim.o(i.HAL_TIM_OC_DelayElapsedCallback)
    i.HAL_TIM_PWM_ConfigChannel              0x0800288e   Section        0  stm32f1xx_hal_tim.o(i.HAL_TIM_PWM_ConfigChannel)
    i.HAL_TIM_PWM_Init                       0x08002966   Section        0  stm32f1xx_hal_tim.o(i.HAL_TIM_PWM_Init)
    i.HAL_TIM_PWM_MspInit                    0x080029b0   Section        0  tim.o(i.HAL_TIM_PWM_MspInit)
    i.HAL_TIM_PWM_PulseFinishedCallback      0x080029d8   Section        0  stm32f1xx_hal_tim.o(i.HAL_TIM_PWM_PulseFinishedCallback)
    i.HAL_TIM_PWM_Start                      0x080029dc   Section        0  stm32f1xx_hal_tim.o(i.HAL_TIM_PWM_Start)
    i.HAL_TIM_PeriodElapsedCallback          0x08002a88   Section        0  stm32f1xx_it.o(i.HAL_TIM_PeriodElapsedCallback)
    i.HAL_TIM_TriggerCallback                0x08002a9c   Section        0  stm32f1xx_hal_tim.o(i.HAL_TIM_TriggerCallback)
    i.HAL_UARTEx_RxEventCallback             0x08002a9e   Section        0  stm32f1xx_hal_uart.o(i.HAL_UARTEx_RxEventCallback)
    i.HAL_UART_ErrorCallback                 0x08002aa0   Section        0  stm32f1xx_hal_uart.o(i.HAL_UART_ErrorCallback)
    i.HAL_UART_IRQHandler                    0x08002aa4   Section        0  stm32f1xx_hal_uart.o(i.HAL_UART_IRQHandler)
    i.HAL_UART_Receive_IT                    0x08002cd4   Section        0  stm32f1xx_hal_uart.o(i.HAL_UART_Receive_IT)
    i.HAL_UART_RxCpltCallback                0x08002cf0   Section        0  usart.o(i.HAL_UART_RxCpltCallback)
    i.HAL_UART_Transmit                      0x08002d48   Section        0  stm32f1xx_hal_uart.o(i.HAL_UART_Transmit)
    i.HAL_UART_TxCpltCallback                0x08002df6   Section        0  stm32f1xx_hal_uart.o(i.HAL_UART_TxCpltCallback)
    i.HardFault_Handler                      0x08002df8   Section        0  stm32f1xx_it.o(i.HardFault_Handler)
    i.I2C_IsAcknowledgeFailed                0x08002dfa   Section        0  stm32f1xx_hal_i2c.o(i.I2C_IsAcknowledgeFailed)
    I2C_IsAcknowledgeFailed                  0x08002dfb   Thumb Code    46  stm32f1xx_hal_i2c.o(i.I2C_IsAcknowledgeFailed)
    i.I2C_MasterRequestWrite                 0x08002e28   Section        0  stm32f1xx_hal_i2c.o(i.I2C_MasterRequestWrite)
    I2C_MasterRequestWrite                   0x08002e29   Thumb Code   172  stm32f1xx_hal_i2c.o(i.I2C_MasterRequestWrite)
    i.I2C_RequestMemoryRead                  0x08002ed8   Section        0  stm32f1xx_hal_i2c.o(i.I2C_RequestMemoryRead)
    I2C_RequestMemoryRead                    0x08002ed9   Thumb Code   314  stm32f1xx_hal_i2c.o(i.I2C_RequestMemoryRead)
    i.I2C_RequestMemoryWrite                 0x08003018   Section        0  stm32f1xx_hal_i2c.o(i.I2C_RequestMemoryWrite)
    I2C_RequestMemoryWrite                   0x08003019   Thumb Code   192  stm32f1xx_hal_i2c.o(i.I2C_RequestMemoryWrite)
    i.I2C_WaitOnBTFFlagUntilTimeout          0x080030dc   Section        0  stm32f1xx_hal_i2c.o(i.I2C_WaitOnBTFFlagUntilTimeout)
    I2C_WaitOnBTFFlagUntilTimeout            0x080030dd   Thumb Code    88  stm32f1xx_hal_i2c.o(i.I2C_WaitOnBTFFlagUntilTimeout)
    i.I2C_WaitOnFlagUntilTimeout             0x08003134   Section        0  stm32f1xx_hal_i2c.o(i.I2C_WaitOnFlagUntilTimeout)
    I2C_WaitOnFlagUntilTimeout               0x08003135   Thumb Code   172  stm32f1xx_hal_i2c.o(i.I2C_WaitOnFlagUntilTimeout)
    i.I2C_WaitOnMasterAddressFlagUntilTimeout 0x080031e0   Section        0  stm32f1xx_hal_i2c.o(i.I2C_WaitOnMasterAddressFlagUntilTimeout)
    I2C_WaitOnMasterAddressFlagUntilTimeout  0x080031e1   Thumb Code   200  stm32f1xx_hal_i2c.o(i.I2C_WaitOnMasterAddressFlagUntilTimeout)
    i.I2C_WaitOnRXNEFlagUntilTimeout         0x080032a8   Section        0  stm32f1xx_hal_i2c.o(i.I2C_WaitOnRXNEFlagUntilTimeout)
    I2C_WaitOnRXNEFlagUntilTimeout           0x080032a9   Thumb Code   118  stm32f1xx_hal_i2c.o(i.I2C_WaitOnRXNEFlagUntilTimeout)
    i.I2C_WaitOnTXEFlagUntilTimeout          0x0800331e   Section        0  stm32f1xx_hal_i2c.o(i.I2C_WaitOnTXEFlagUntilTimeout)
    I2C_WaitOnTXEFlagUntilTimeout            0x0800331f   Thumb Code    88  stm32f1xx_hal_i2c.o(i.I2C_WaitOnTXEFlagUntilTimeout)
    i.IR_Scan                                0x08003378   Section        0  ir.o(i.IR_Scan)
    IR_Scan                                  0x08003379   Thumb Code   404  ir.o(i.IR_Scan)
    i.Kalman_GetAngle                        0x08003520   Section        0  pid.o(i.Kalman_GetAngle)
    i.Kalman_Init                            0x0800362e   Section        0  pid.o(i.Kalman_Init)
    i.MPU6050ReadAcc                         0x08003648   Section        0  mpu6050.o(i.MPU6050ReadAcc)
    i.MPU6050ReadGyro                        0x08003682   Section        0  mpu6050.o(i.MPU6050ReadGyro)
    i.MPU6050_Get_Angle                      0x080036bc   Section        0  app.o(i.MPU6050_Get_Angle)
    i.MPU6050_Init                           0x0800372c   Section        0  mpu6050.o(i.MPU6050_Init)
    i.MPU6050_ReadData                       0x08003760   Section        0  mpu6050.o(i.MPU6050_ReadData)
    i.MPU6050_WriteReg                       0x0800377c   Section        0  mpu6050.o(i.MPU6050_WriteReg)
    i.MX_GPIO_Init                           0x080037a0   Section        0  gpio.o(i.MX_GPIO_Init)
    i.MX_I2C1_Init                           0x08003850   Section        0  i2c.o(i.MX_I2C1_Init)
    i.MX_I2C2_Init                           0x08003890   Section        0  i2c.o(i.MX_I2C2_Init)
    i.MX_TIM1_Init                           0x080038d0   Section        0  tim.o(i.MX_TIM1_Init)
    i.MX_TIM2_Init                           0x08003984   Section        0  tim.o(i.MX_TIM2_Init)
    i.MemManage_Handler                      0x080039e8   Section        0  stm32f1xx_it.o(i.MemManage_Handler)
    i.NMI_Handler                            0x080039ea   Section        0  stm32f1xx_it.o(i.NMI_Handler)
    i.OLED_Clear                             0x080039ec   Section        0  oled.o(i.OLED_Clear)
    i.OLED_DrawPoint                         0x08003a18   Section        0  oled.o(i.OLED_DrawPoint)
    i.OLED_Init                              0x08003a4c   Section        0  oled.o(i.OLED_Init)
    i.OLED_Pow                               0x08003b3c   Section        0  oled.o(i.OLED_Pow)
    i.OLED_Refresh                           0x08003b4c   Section        0  oled.o(i.OLED_Refresh)
    i.OLED_ShowChar                          0x08003bb4   Section        0  oled.o(i.OLED_ShowChar)
    i.OLED_ShowNum                           0x08003cac   Section        0  oled.o(i.OLED_ShowNum)
    i.OLED_ShowString                        0x08003d26   Section        0  oled.o(i.OLED_ShowString)
    i.OLED_WR_Byte                           0x08003d64   Section        0  oled.o(i.OLED_WR_Byte)
    i.PID_Compute                            0x08003d94   Section        0  pid.o(i.PID_Compute)
    i.PID_Init                               0x08003e96   Section        0  pid.o(i.PID_Init)
    i.PendSV_Handler                         0x08003eca   Section        0  stm32f1xx_it.o(i.PendSV_Handler)
    i.Perform_Level_Calibration              0x08003ecc   Section        0  app.o(i.Perform_Level_Calibration)
    i.Process_IMU                            0x08004020   Section        0  app.o(i.Process_IMU)
    i.RCC_Delay                              0x080043f0   Section        0  stm32f1xx_hal_rcc.o(i.RCC_Delay)
    RCC_Delay                                0x080043f1   Thumb Code    30  stm32f1xx_hal_rcc.o(i.RCC_Delay)
    i.SVC_Handler                            0x08004414   Section        0  stm32f1xx_it.o(i.SVC_Handler)
    i.SysTick_Handler                        0x08004416   Section        0  stm32f1xx_it.o(i.SysTick_Handler)
    i.SystemClock_Config                     0x0800441a   Section        0  main.o(i.SystemClock_Config)
    i.SystemInit                             0x08004478   Section        0  system_stm32f1xx.o(i.SystemInit)
    i.TIM2_IRQHandler                        0x0800447c   Section        0  stm32f1xx_it.o(i.TIM2_IRQHandler)
    i.TIM_Base_SetConfig                     0x08004488   Section        0  stm32f1xx_hal_tim.o(i.TIM_Base_SetConfig)
    i.TIM_CCxChannelCmd                      0x08004500   Section        0  stm32f1xx_hal_tim.o(i.TIM_CCxChannelCmd)
    i.TIM_ETR_SetConfig                      0x0800451a   Section        0  stm32f1xx_hal_tim.o(i.TIM_ETR_SetConfig)
    i.TIM_ITRx_SetConfig                     0x0800452e   Section        0  stm32f1xx_hal_tim.o(i.TIM_ITRx_SetConfig)
    TIM_ITRx_SetConfig                       0x0800452f   Thumb Code    16  stm32f1xx_hal_tim.o(i.TIM_ITRx_SetConfig)
    i.TIM_OC1_SetConfig                      0x08004540   Section        0  stm32f1xx_hal_tim.o(i.TIM_OC1_SetConfig)
    TIM_OC1_SetConfig                        0x08004541   Thumb Code    90  stm32f1xx_hal_tim.o(i.TIM_OC1_SetConfig)
    i.TIM_OC2_SetConfig                      0x080045a0   Section        0  stm32f1xx_hal_tim.o(i.TIM_OC2_SetConfig)
    i.TIM_OC3_SetConfig                      0x08004604   Section        0  stm32f1xx_hal_tim.o(i.TIM_OC3_SetConfig)
    TIM_OC3_SetConfig                        0x08004605   Thumb Code    92  stm32f1xx_hal_tim.o(i.TIM_OC3_SetConfig)
    i.TIM_OC4_SetConfig                      0x08004664   Section        0  stm32f1xx_hal_tim.o(i.TIM_OC4_SetConfig)
    TIM_OC4_SetConfig                        0x08004665   Thumb Code    68  stm32f1xx_hal_tim.o(i.TIM_OC4_SetConfig)
    i.TIM_TI1_ConfigInputStage               0x080046ac   Section        0  stm32f1xx_hal_tim.o(i.TIM_TI1_ConfigInputStage)
    TIM_TI1_ConfigInputStage                 0x080046ad   Thumb Code    34  stm32f1xx_hal_tim.o(i.TIM_TI1_ConfigInputStage)
    i.TIM_TI2_ConfigInputStage               0x080046ce   Section        0  stm32f1xx_hal_tim.o(i.TIM_TI2_ConfigInputStage)
    TIM_TI2_ConfigInputStage                 0x080046cf   Thumb Code    36  stm32f1xx_hal_tim.o(i.TIM_TI2_ConfigInputStage)
    i.UART_DMAAbortOnError                   0x080046f2   Section        0  stm32f1xx_hal_uart.o(i.UART_DMAAbortOnError)
    UART_DMAAbortOnError                     0x080046f3   Thumb Code    16  stm32f1xx_hal_uart.o(i.UART_DMAAbortOnError)
    i.UART_EndRxTransfer                     0x08004702   Section        0  stm32f1xx_hal_uart.o(i.UART_EndRxTransfer)
    UART_EndRxTransfer                       0x08004703   Thumb Code    78  stm32f1xx_hal_uart.o(i.UART_EndRxTransfer)
    i.UART_EndTransmit_IT                    0x08004750   Section        0  stm32f1xx_hal_uart.o(i.UART_EndTransmit_IT)
    UART_EndTransmit_IT                      0x08004751   Thumb Code    26  stm32f1xx_hal_uart.o(i.UART_EndTransmit_IT)
    i.UART_ParsePIDUpdate                    0x0800476c   Section        0  usart.o(i.UART_ParsePIDUpdate)
    i.UART_Receive_IT                        0x080047f4   Section        0  stm32f1xx_hal_uart.o(i.UART_Receive_IT)
    UART_Receive_IT                          0x080047f5   Thumb Code   200  stm32f1xx_hal_uart.o(i.UART_Receive_IT)
    i.UART_Start_Receive_IT                  0x080048bc   Section        0  stm32f1xx_hal_uart.o(i.UART_Start_Receive_IT)
    i.UART_Transmit_IT                       0x080048f4   Section        0  stm32f1xx_hal_uart.o(i.UART_Transmit_IT)
    UART_Transmit_IT                         0x080048f5   Thumb Code    94  stm32f1xx_hal_uart.o(i.UART_Transmit_IT)
    i.UART_WaitOnFlagUntilTimeout            0x08004952   Section        0  stm32f1xx_hal_uart.o(i.UART_WaitOnFlagUntilTimeout)
    UART_WaitOnFlagUntilTimeout              0x08004953   Thumb Code   116  stm32f1xx_hal_uart.o(i.UART_WaitOnFlagUntilTimeout)
    i.USART1_IRQHandler                      0x080049c8   Section        0  usart.o(i.USART1_IRQHandler)
    i.UsageFault_Handler                     0x080049d4   Section        0  stm32f1xx_it.o(i.UsageFault_Handler)
    i.__0snprintf                            0x080049d8   Section        0  printfa.o(i.__0snprintf)
    i.__ARM_fpclassifyf                      0x08004a08   Section        0  fpclassifyf.o(i.__ARM_fpclassifyf)
    i.__NVIC_SetPriority                     0x08004a2e   Section        0  stm32f1xx_hal_cortex.o(i.__NVIC_SetPriority)
    __NVIC_SetPriority                       0x08004a2f   Thumb Code    32  stm32f1xx_hal_cortex.o(i.__NVIC_SetPriority)
    i.__mathlib_flt_infnan2                  0x08004a4e   Section        0  funder.o(i.__mathlib_flt_infnan2)
    i.__mathlib_flt_underflow                0x08004a52   Section        0  funder.o(i.__mathlib_flt_underflow)
    i.__mathlib_narrow                       0x08004a5c   Section        0  narrow.o(i.__mathlib_narrow)
    i.__mathlib_tofloat                      0x08004a6c   Section        0  narrow.o(i.__mathlib_tofloat)
    i.__scatterload_copy                     0x08004b28   Section       14  handlers.o(i.__scatterload_copy)
    i.__scatterload_null                     0x08004b36   Section        2  handlers.o(i.__scatterload_null)
    i.__scatterload_zeroinit                 0x08004b38   Section       14  handlers.o(i.__scatterload_zeroinit)
    i.__set_errno                            0x08004b48   Section        0  errno.o(i.__set_errno)
    i._fp_digits                             0x08004b54   Section        0  printfa.o(i._fp_digits)
    _fp_digits                               0x08004b55   Thumb Code   366  printfa.o(i._fp_digits)
    i._is_digit                              0x08004cd8   Section        0  scanf_fp.o(i._is_digit)
    i._printf_core                           0x08004ce8   Section        0  printfa.o(i._printf_core)
    _printf_core                             0x08004ce9   Thumb Code  1744  printfa.o(i._printf_core)
    i._printf_post_padding                   0x080053c4   Section        0  printfa.o(i._printf_post_padding)
    _printf_post_padding                     0x080053c5   Thumb Code    36  printfa.o(i._printf_post_padding)
    i._printf_pre_padding                    0x080053e8   Section        0  printfa.o(i._printf_pre_padding)
    _printf_pre_padding                      0x080053e9   Thumb Code    46  printfa.o(i._printf_pre_padding)
    i._snputc                                0x08005416   Section        0  printfa.o(i._snputc)
    _snputc                                  0x08005417   Thumb Code    22  printfa.o(i._snputc)
    i.atan2f                                 0x0800542c   Section        0  atan2f.o(i.atan2f)
    i.frexp                                  0x08005688   Section        0  frexp.o(i.frexp)
    i.main                                   0x080056e0   Section        0  main.o(i.main)
    i.sqrtf                                  0x08005720   Section        0  sqrtf.o(i.sqrtf)
    i.strtof                                 0x0800574c   Section        0  strtof.o(i.strtof)
    .constdata                               0x08005760   Section       16  system_stm32f1xx.o(.constdata)
    .constdata                               0x08005770   Section        8  system_stm32f1xx.o(.constdata)
    .constdata                               0x08005778   Section     7696  oled.o(.constdata)
    .constdata                               0x08007588   Section       18  stm32f1xx_hal_rcc.o(.constdata)
    aPredivFactorTable                       0x08007588   Data           2  stm32f1xx_hal_rcc.o(.constdata)
    aPLLMULFactorTable                       0x0800758a   Data          16  stm32f1xx_hal_rcc.o(.constdata)
    .constdata                               0x0800759a   Section       64  ctype_c.o(.constdata)
    .data                                    0x20000000   Section        3  usart.o(.data)
    rx_idx                                   0x20000000   Data           1  usart.o(.data)
    rx_ready                                 0x20000001   Data           1  usart.o(.data)
    rx_byte                                  0x20000002   Data           1  usart.o(.data)
    .data                                    0x20000003   Section        3  display.o(.data)
    frame_cnt                                0x20000003   Data           1  display.o(.data)
    last_ir_state                            0x20000004   Data           1  display.o(.data)
    last_stable                              0x20000005   Data           1  display.o(.data)
    .data                                    0x20000008   Section       12  ir.o(.data)
    s_IR_Pos                                 0x20000009   Data           1  ir.o(.data)
    lost_cnt                                 0x2000000a   Data           1  ir.o(.data)
    s_IR_Roll_Angle                          0x2000000c   Data           4  ir.o(.data)
    last_check_time                          0x20000010   Data           4  ir.o(.data)
    .data                                    0x20000014   Section       32  app.o(.data)
    idx                                      0x20000014   Data           1  app.o(.data)
    init                                     0x20000015   Data           1  app.o(.data)
    uart_div                                 0x20000016   Data           1  app.o(.data)
    disp_pitch                               0x20000018   Data           4  app.o(.data)
    disp_roll                                0x2000001c   Data           4  app.o(.data)
    rampSetpoint                             0x20000020   Data           4  app.o(.data)
    sum_p                                    0x20000024   Data           4  app.o(.data)
    sum_r                                    0x20000028   Data           4  app.o(.data)
    last_ip                                  0x2000002c   Data           4  app.o(.data)
    last_ir                                  0x20000030   Data           4  app.o(.data)
    .data                                    0x20000034   Section        1  main.o(.data)
    .data                                    0x20000036   Section        2  main.o(.data)
    .data                                    0x20000038   Section        2  main.o(.data)
    .data                                    0x2000003c   Section        4  main.o(.data)
    .data                                    0x20000040   Section        4  main.o(.data)
    .data                                    0x20000044   Section        1  main.o(.data)
    .data                                    0x20000046   Section        6  main.o(.data)
    .data                                    0x2000004c   Section        6  main.o(.data)
    .data                                    0x20000054   Section        4  system_stm32f1xx.o(.data)
    .data                                    0x20000058   Section       12  stm32f1xx_hal.o(.data)
    .data                                    0x20000064   Section        4  errno.o(.data)
    _errno                                   0x20000064   Data           4  errno.o(.data)
    .bss                                     0x20000068   Section      136  usart.o(.bss)
    rx_buf                                   0x200000b0   Data          64  usart.o(.bss)
    .bss                                     0x200000f0   Section       64  app.o(.bss)
    buf_p                                    0x200000f0   Data          32  app.o(.bss)
    buf_r                                    0x20000110   Data          32  app.o(.bss)
    .bss                                     0x20000130   Section       12  main.o(.bss)
    .bss                                     0x2000013c   Section       12  main.o(.bss)
    .bss                                     0x20000148   Section       12  main.o(.bss)
    .bss                                     0x20000154   Section       40  main.o(.bss)
    .bss                                     0x2000017c   Section       40  main.o(.bss)
    .bss                                     0x200001a4   Section       56  main.o(.bss)
    .bss                                     0x200001dc   Section       56  main.o(.bss)
    .bss                                     0x20000214   Section      168  i2c.o(.bss)
    .bss                                     0x200002bc   Section      144  tim.o(.bss)
    .bss                                     0x2000034c   Section     1152  oled.o(.bss)
    STACK                                    0x200007d0   Section     1024  startup_stm32f103xb.o(STACK)

    Global Symbols

    Symbol Name                              Value     Ov Type        Size  Object(Section)

    BuildAttributes$$THM_ISAv4$P$D$K$B$S$PE$A:L22UL41UL21$X:L11$S22US41US21$IEEE1$IW$USESV6$~STKCKD$USESV7$~SHL$OTIME$ROPI$IEEEX$EBA8$MICROLIB$REQ8$PRES8$EABIv2 0x00000000   Number         0  anon$$obj.o ABSOLUTE
    __ARM_use_no_argv                        0x00000000   Number         0  main.o ABSOLUTE
    _printf_a                                0x00000000   Number         0  stubs.o ABSOLUTE
    _printf_c                                0x00000000   Number         0  stubs.o ABSOLUTE
    _printf_charcount                        0x00000000   Number         0  stubs.o ABSOLUTE
    _printf_d                                0x00000000   Number         0  stubs.o ABSOLUTE
    _printf_e                                0x00000000   Number         0  stubs.o ABSOLUTE
    _printf_f                                0x00000000   Number         0  stubs.o ABSOLUTE
    _printf_flags                            0x00000000   Number         0  stubs.o ABSOLUTE
    _printf_fp_dec                           0x00000000   Number         0  stubs.o ABSOLUTE
    _printf_fp_hex                           0x00000000   Number         0  stubs.o ABSOLUTE
    _printf_g                                0x00000000   Number         0  stubs.o ABSOLUTE
    _printf_i                                0x00000000   Number         0  stubs.o ABSOLUTE
    _printf_int_dec                          0x00000000   Number         0  stubs.o ABSOLUTE
    _printf_l                                0x00000000   Number         0  stubs.o ABSOLUTE
    _printf_lc                               0x00000000   Number         0  stubs.o ABSOLUTE
    _printf_ll                               0x00000000   Number         0  stubs.o ABSOLUTE
    _printf_lld                              0x00000000   Number         0  stubs.o ABSOLUTE
    _printf_lli                              0x00000000   Number         0  stubs.o ABSOLUTE
    _printf_llo                              0x00000000   Number         0  stubs.o ABSOLUTE
    _printf_llu                              0x00000000   Number         0  stubs.o ABSOLUTE
    _printf_llx                              0x00000000   Number         0  stubs.o ABSOLUTE
    _printf_longlong_dec                     0x00000000   Number         0  stubs.o ABSOLUTE
    _printf_longlong_hex                     0x00000000   Number         0  stubs.o ABSOLUTE
    _printf_longlong_oct                     0x00000000   Number         0  stubs.o ABSOLUTE
    _printf_ls                               0x00000000   Number         0  stubs.o ABSOLUTE
    _printf_mbtowc                           0x00000000   Number         0  stubs.o ABSOLUTE
    _printf_n                                0x00000000   Number         0  stubs.o ABSOLUTE
    _printf_o                                0x00000000   Number         0  stubs.o ABSOLUTE
    _printf_p                                0x00000000   Number         0  stubs.o ABSOLUTE
    _printf_percent                          0x00000000   Number         0  stubs.o ABSOLUTE
    _printf_pre_padding                      0x00000000   Number         0  stubs.o ABSOLUTE
    _printf_return_value                     0x00000000   Number         0  stubs.o ABSOLUTE
    _printf_s                                0x00000000   Number         0  stubs.o ABSOLUTE
    _printf_sizespec                         0x00000000   Number         0  stubs.o ABSOLUTE
    _printf_str                              0x00000000   Number         0  stubs.o ABSOLUTE
    _printf_truncate_signed                  0x00000000   Number         0  stubs.o ABSOLUTE
    _printf_truncate_unsigned                0x00000000   Number         0  stubs.o ABSOLUTE
    _printf_u                                0x00000000   Number         0  stubs.o ABSOLUTE
    _printf_wc                               0x00000000   Number         0  stubs.o ABSOLUTE
    _printf_wctomb                           0x00000000   Number         0  stubs.o ABSOLUTE
    _printf_widthprec                        0x00000000   Number         0  stubs.o ABSOLUTE
    _printf_x                                0x00000000   Number         0  stubs.o ABSOLUTE
    __cpp_initialize__aeabi_                  - Undefined Weak Reference
    __cxa_finalize                            - Undefined Weak Reference
    __decompress                              - Undefined Weak Reference
    _clock_init                               - Undefined Weak Reference
    _microlib_exit                            - Undefined Weak Reference
    __Vectors_Size                           0x000000ec   Number         0  startup_stm32f103xb.o ABSOLUTE
    __Vectors                                0x08000000   Data           4  startup_stm32f103xb.o(RESET)
    __Vectors_End                            0x080000ec   Data           0  startup_stm32f103xb.o(RESET)
    __main                                   0x080000ed   Thumb Code     0  entry.o(.ARM.Collect$$$$00000000)
    _main_stk                                0x080000ed   Thumb Code     0  entry2.o(.ARM.Collect$$$$00000001)
    _main_scatterload                        0x080000f1   Thumb Code     0  entry5.o(.ARM.Collect$$$$00000004)
    __main_after_scatterload                 0x080000f5   Thumb Code     0  entry5.o(.ARM.Collect$$$$00000004)
    _main_clock                              0x080000f5   Thumb Code     0  entry7b.o(.ARM.Collect$$$$00000008)
    _main_cpp_init                           0x080000f5   Thumb Code     0  entry8b.o(.ARM.Collect$$$$0000000A)
    _main_init                               0x080000f5   Thumb Code     0  entry9a.o(.ARM.Collect$$$$0000000B)
    __rt_final_cpp                           0x080000fd   Thumb Code     0  entry10a.o(.ARM.Collect$$$$0000000D)
    __rt_final_exit                          0x080000fd   Thumb Code     0  entry11a.o(.ARM.Collect$$$$0000000F)
    Reset_Handler                            0x08000101   Thumb Code     8  startup_stm32f103xb.o(.text)
    ADC1_2_IRQHandler                        0x0800011b   Thumb Code     0  startup_stm32f103xb.o(.text)
    CAN1_RX1_IRQHandler                      0x0800011b   Thumb Code     0  startup_stm32f103xb.o(.text)
    CAN1_SCE_IRQHandler                      0x0800011b   Thumb Code     0  startup_stm32f103xb.o(.text)
    DMA1_Channel1_IRQHandler                 0x0800011b   Thumb Code     0  startup_stm32f103xb.o(.text)
    DMA1_Channel2_IRQHandler                 0x0800011b   Thumb Code     0  startup_stm32f103xb.o(.text)
    DMA1_Channel3_IRQHandler                 0x0800011b   Thumb Code     0  startup_stm32f103xb.o(.text)
    DMA1_Channel4_IRQHandler                 0x0800011b   Thumb Code     0  startup_stm32f103xb.o(.text)
    DMA1_Channel5_IRQHandler                 0x0800011b   Thumb Code     0  startup_stm32f103xb.o(.text)
    DMA1_Channel6_IRQHandler                 0x0800011b   Thumb Code     0  startup_stm32f103xb.o(.text)
    DMA1_Channel7_IRQHandler                 0x0800011b   Thumb Code     0  startup_stm32f103xb.o(.text)
    EXTI0_IRQHandler                         0x0800011b   Thumb Code     0  startup_stm32f103xb.o(.text)
    EXTI15_10_IRQHandler                     0x0800011b   Thumb Code     0  startup_stm32f103xb.o(.text)
    FLASH_IRQHandler                         0x0800011b   Thumb Code     0  startup_stm32f103xb.o(.text)
    I2C1_ER_IRQHandler                       0x0800011b   Thumb Code     0  startup_stm32f103xb.o(.text)
    I2C1_EV_IRQHandler                       0x0800011b   Thumb Code     0  startup_stm32f103xb.o(.text)
    I2C2_ER_IRQHandler                       0x0800011b   Thumb Code     0  startup_stm32f103xb.o(.text)
    I2C2_EV_IRQHandler                       0x0800011b   Thumb Code     0  startup_stm32f103xb.o(.text)
    PVD_IRQHandler                           0x0800011b   Thumb Code     0  startup_stm32f103xb.o(.text)
    RCC_IRQHandler                           0x0800011b   Thumb Code     0  startup_stm32f103xb.o(.text)
    RTC_Alarm_IRQHandler                     0x0800011b   Thumb Code     0  startup_stm32f103xb.o(.text)
    RTC_IRQHandler                           0x0800011b   Thumb Code     0  startup_stm32f103xb.o(.text)
    SPI1_IRQHandler                          0x0800011b   Thumb Code     0  startup_stm32f103xb.o(.text)
    SPI2_IRQHandler                          0x0800011b   Thumb Code     0  startup_stm32f103xb.o(.text)
    TAMPER_IRQHandler                        0x0800011b   Thumb Code     0  startup_stm32f103xb.o(.text)
    TIM1_BRK_IRQHandler                      0x0800011b   Thumb Code     0  startup_stm32f103xb.o(.text)
    TIM1_CC_IRQHandler                       0x0800011b   Thumb Code     0  startup_stm32f103xb.o(.text)
    TIM1_TRG_COM_IRQHandler                  0x0800011b   Thumb Code     0  startup_stm32f103xb.o(.text)
    TIM1_UP_IRQHandler                       0x0800011b   Thumb Code     0  startup_stm32f103xb.o(.text)
    TIM3_IRQHandler                          0x0800011b   Thumb Code     0  startup_stm32f103xb.o(.text)
    TIM4_IRQHandler                          0x0800011b   Thumb Code     0  startup_stm32f103xb.o(.text)
    USART2_IRQHandler                        0x0800011b   Thumb Code     0  startup_stm32f103xb.o(.text)
    USART3_IRQHandler                        0x0800011b   Thumb Code     0  startup_stm32f103xb.o(.text)
    USBWakeUp_IRQHandler                     0x0800011b   Thumb Code     0  startup_stm32f103xb.o(.text)
    USB_HP_CAN1_TX_IRQHandler                0x0800011b   Thumb Code     0  startup_stm32f103xb.o(.text)
    USB_LP_CAN1_RX0_IRQHandler               0x0800011b   Thumb Code     0  startup_stm32f103xb.o(.text)
    WWDG_IRQHandler                          0x0800011b   Thumb Code     0  startup_stm32f103xb.o(.text)
    __aeabi_llsr                             0x08000125   Thumb Code    32  llushr.o(.text)
    _ll_ushift_r                             0x08000125   Thumb Code     0  llushr.o(.text)
    __aeabi_memset                           0x08000145   Thumb Code    14  memseta.o(.text)
    __aeabi_memset4                          0x08000145   Thumb Code     0  memseta.o(.text)
    __aeabi_memset8                          0x08000145   Thumb Code     0  memseta.o(.text)
    __aeabi_memclr                           0x08000153   Thumb Code     4  memseta.o(.text)
    __aeabi_memclr4                          0x08000153   Thumb Code     0  memseta.o(.text)
    __aeabi_memclr8                          0x08000153   Thumb Code     0  memseta.o(.text)
    _memset$wrapper                          0x08000157   Thumb Code    18  memseta.o(.text)
    __aeabi_fadd                             0x08000169   Thumb Code   164  fadd.o(.text)
    __aeabi_fsub                             0x0800020d   Thumb Code     6  fadd.o(.text)
    __aeabi_frsub                            0x08000213   Thumb Code     6  fadd.o(.text)
    __aeabi_fmul                             0x08000219   Thumb Code   100  fmul.o(.text)
    __aeabi_fdiv                             0x0800027d   Thumb Code   124  fdiv.o(.text)
    __ARM_scalbnf                            0x080002f9   Thumb Code    24  fscalb.o(.text)
    scalbnf                                  0x080002f9   Thumb Code     0  fscalb.o(.text)
    __aeabi_dadd                             0x08000311   Thumb Code   322  dadd.o(.text)
    __aeabi_dsub                             0x08000453   Thumb Code     6  dadd.o(.text)
    __aeabi_drsub                            0x08000459   Thumb Code     6  dadd.o(.text)
    __aeabi_ddiv                             0x0800045f   Thumb Code   222  ddiv.o(.text)
    __aeabi_i2f                              0x0800053d   Thumb Code    18  fflti.o(.text)
    __aeabi_ui2f                             0x0800054f   Thumb Code    10  ffltui.o(.text)
    __aeabi_f2iz                             0x08000559   Thumb Code    50  ffixi.o(.text)
    __aeabi_f2d                              0x0800058b   Thumb Code    38  f2d.o(.text)
    __aeabi_cfcmpeq                          0x080005b1   Thumb Code     0  cfcmple.o(.text)
    __aeabi_cfcmple                          0x080005b1   Thumb Code    20  cfcmple.o(.text)
    __aeabi_cfrcmple                         0x080005c5   Thumb Code    20  cfrcmple.o(.text)
    __aeabi_uidiv                            0x080005d9   Thumb Code     0  uidiv.o(.text)
    __aeabi_uidivmod                         0x080005d9   Thumb Code    44  uidiv.o(.text)
    __aeabi_uldivmod                         0x08000605   Thumb Code    98  uldiv.o(.text)
    __aeabi_llsl                             0x08000667   Thumb Code    30  llshl.o(.text)
    _ll_shift_l                              0x08000667   Thumb Code     0  llshl.o(.text)
    __aeabi_lasr                             0x08000685   Thumb Code    36  llsshr.o(.text)
    _ll_sshift_r                             0x08000685   Thumb Code     0  llsshr.o(.text)
    __strtof_int                             0x080006a9   Thumb Code    26  strtof.o(.text)
    __I$use$fp                               0x080006c3   Thumb Code     0  iusefp.o(.text)
    _float_round                             0x080006c3   Thumb Code    18  fepilogue.o(.text)
    _float_epilogue                          0x080006d5   Thumb Code    92  fepilogue.o(.text)
    _fsqrt                                   0x08000731   Thumb Code    94  fsqrt.o(.text)
    _double_round                            0x0800078f   Thumb Code    30  depilogue.o(.text)
    _double_epilogue                         0x080007ad   Thumb Code   156  depilogue.o(.text)
    __aeabi_dmul                             0x08000849   Thumb Code   228  dmul.o(.text)
    __aeabi_d2ulz                            0x0800092d   Thumb Code    48  dfixul.o(.text)
    __aeabi_cdrcmple                         0x0800095d   Thumb Code    48  cdrcmple.o(.text)
    __scatterload                            0x0800098d   Thumb Code    28  init.o(.text)
    __scatterload_rt2                        0x0800098d   Thumb Code     0  init.o(.text)
    __strtod_int                             0x080009e7   Thumb Code    90  strtod.o(.text)
    isspace                                  0x08000a4d   Thumb Code    10  isspace_c.o(.text)
    _scanf_real                              0x08000b81   Thumb Code     0  scanf_fp.o(.text)
    _scanf_really_real                       0x08000b81   Thumb Code   556  scanf_fp.o(.text)
    _sgetc                                   0x08000db9   Thumb Code    30  _sgetc.o(.text)
    _sbackspace                              0x08000dd7   Thumb Code    34  _sgetc.o(.text)
    __aeabi_cdcmpeq                          0x08000df9   Thumb Code     0  cdcmple.o(.text)
    __aeabi_cdcmple                          0x08000df9   Thumb Code    48  cdcmple.o(.text)
    __aeabi_d2f                              0x08000e29   Thumb Code    56  d2f.o(.text)
    __fp_status                              0x08000e61   Thumb Code     4  fpstat.o(.text)
    __ieee_status                            0x08000e61   Thumb Code     0  fpstat.o(.text)
    __ctype_lookup                           0x08000e65   Thumb Code    34  ctype_c.o(.text)
    __ARM_scalbn                             0x08000e8d   Thumb Code    46  dscalb.o(.text)
    scalbn                                   0x08000e8d   Thumb Code     0  dscalb.o(.text)
    __aeabi_ul2d                             0x08000ebb   Thumb Code    24  dfltul.o(.text)
    Application_Init                         0x08000ed5   Thumb Code   258  app.o(i.Application_Init)
    BusFault_Handler                         0x08001041   Thumb Code     2  stm32f1xx_it.o(i.BusFault_Handler)
    DebugMon_Handler                         0x08001043   Thumb Code     2  stm32f1xx_it.o(i.DebugMon_Handler)
    Display_Status                           0x080010f1   Thumb Code   272  display.o(i.Display_Status)
    EXTI1_IRQHandler                         0x08001271   Thumb Code     6  stm32f1xx_it.o(i.EXTI1_IRQHandler)
    EXTI2_IRQHandler                         0x08001277   Thumb Code     6  stm32f1xx_it.o(i.EXTI2_IRQHandler)
    EXTI3_IRQHandler                         0x0800127d   Thumb Code     6  stm32f1xx_it.o(i.EXTI3_IRQHandler)
    EXTI4_IRQHandler                         0x08001283   Thumb Code     6  stm32f1xx_it.o(i.EXTI4_IRQHandler)
    EXTI9_5_IRQHandler                       0x08001289   Thumb Code     6  stm32f1xx_it.o(i.EXTI9_5_IRQHandler)
    Error_Handler                            0x0800128f   Thumb Code     4  main.o(i.Error_Handler)
    Get_IR_Position                          0x08001295   Thumb Code    32  ir.o(i.Get_IR_Position)
    Get_IR_Roll_Angle                        0x080012b9   Thumb Code    12  ir.o(i.Get_IR_Roll_Angle)
    HAL_DMA_Abort                            0x080012c9   Thumb Code    70  stm32f1xx_hal_dma.o(i.HAL_DMA_Abort)
    HAL_DMA_Abort_IT                         0x08001311   Thumb Code   148  stm32f1xx_hal_dma.o(i.HAL_DMA_Abort_IT)
    HAL_Delay                                0x080013a9   Thumb Code    32  stm32f1xx_hal.o(i.HAL_Delay)
    HAL_GPIO_EXTI_Callback                   0x080013cd   Thumb Code    28  ir.o(i.HAL_GPIO_EXTI_Callback)
    HAL_GPIO_EXTI_IRQHandler                 0x080013ed   Thumb Code    18  stm32f1xx_hal_gpio.o(i.HAL_GPIO_EXTI_IRQHandler)
    HAL_GPIO_Init                            0x08001405   Thumb Code   464  stm32f1xx_hal_gpio.o(i.HAL_GPIO_Init)
    HAL_GPIO_ReadPin                         0x080015f5   Thumb Code    14  stm32f1xx_hal_gpio.o(i.HAL_GPIO_ReadPin)
    HAL_GetTick                              0x08001605   Thumb Code     6  stm32f1xx_hal.o(i.HAL_GetTick)
    HAL_I2C_Init                             0x08001611   Thumb Code   392  stm32f1xx_hal_i2c.o(i.HAL_I2C_Init)
    HAL_I2C_Master_Transmit                  0x080017a9   Thumb Code   318  stm32f1xx_hal_i2c.o(i.HAL_I2C_Master_Transmit)
    HAL_I2C_Mem_Read                         0x080018f1   Thumb Code   728  stm32f1xx_hal_i2c.o(i.HAL_I2C_Mem_Read)
    HAL_I2C_Mem_Write                        0x08001bd9   Thumb Code   316  stm32f1xx_hal_i2c.o(i.HAL_I2C_Mem_Write)
    HAL_I2C_MspInit                          0x08001d1d   Thumb Code   150  i2c.o(i.HAL_I2C_MspInit)
    HAL_IncTick                              0x08001dc9   Thumb Code    12  stm32f1xx_hal.o(i.HAL_IncTick)
    HAL_Init                                 0x08001dd9   Thumb Code    32  stm32f1xx_hal.o(i.HAL_Init)
    HAL_InitTick                             0x08001dfd   Thumb Code    58  stm32f1xx_hal.o(i.HAL_InitTick)
    HAL_MspInit                              0x08001e41   Thumb Code    52  stm32f1xx_hal_msp.o(i.HAL_MspInit)
    HAL_NVIC_EnableIRQ                       0x08001e7d   Thumb Code    26  stm32f1xx_hal_cortex.o(i.HAL_NVIC_EnableIRQ)
    HAL_NVIC_SetPriority                     0x08001e99   Thumb Code    60  stm32f1xx_hal_cortex.o(i.HAL_NVIC_SetPriority)
    HAL_NVIC_SetPriorityGrouping             0x08001ed9   Thumb Code    26  stm32f1xx_hal_cortex.o(i.HAL_NVIC_SetPriorityGrouping)
    HAL_RCC_ClockConfig                      0x08001efd   Thumb Code   318  stm32f1xx_hal_rcc.o(i.HAL_RCC_ClockConfig)
    HAL_RCC_GetHCLKFreq                      0x08002051   Thumb Code     6  stm32f1xx_hal_rcc.o(i.HAL_RCC_GetHCLKFreq)
    HAL_RCC_GetPCLK1Freq                     0x0800205d   Thumb Code    22  stm32f1xx_hal_rcc.o(i.HAL_RCC_GetPCLK1Freq)
    HAL_RCC_GetSysClockFreq                  0x0800207d   Thumb Code    58  stm32f1xx_hal_rcc.o(i.HAL_RCC_GetSysClockFreq)
    HAL_RCC_OscConfig                        0x080020c9   Thumb Code   882  stm32f1xx_hal_rcc.o(i.HAL_RCC_OscConfig)
    HAL_SYSTICK_Config                       0x0800244d   Thumb Code    40  stm32f1xx_hal_cortex.o(i.HAL_SYSTICK_Config)
    HAL_TIMEx_BreakCallback                  0x08002475   Thumb Code     2  stm32f1xx_hal_tim_ex.o(i.HAL_TIMEx_BreakCallback)
    HAL_TIMEx_CommutCallback                 0x08002477   Thumb Code     2  stm32f1xx_hal_tim_ex.o(i.HAL_TIMEx_CommutCallback)
    HAL_TIMEx_ConfigBreakDeadTime            0x08002479   Thumb Code    84  stm32f1xx_hal_tim_ex.o(i.HAL_TIMEx_ConfigBreakDeadTime)
    HAL_TIMEx_MasterConfigSynchronization    0x080024cd   Thumb Code    90  stm32f1xx_hal_tim_ex.o(i.HAL_TIMEx_MasterConfigSynchronization)
    HAL_TIM_Base_Init                        0x08002535   Thumb Code    74  stm32f1xx_hal_tim.o(i.HAL_TIM_Base_Init)
    HAL_TIM_Base_MspInit                     0x08002581   Thumb Code    50  tim.o(i.HAL_TIM_Base_MspInit)
    HAL_TIM_Base_Start_IT                    0x080025b9   Thumb Code    86  stm32f1xx_hal_tim.o(i.HAL_TIM_Base_Start_IT)
    HAL_TIM_ConfigClockSource                0x0800261d   Thumb Code   232  stm32f1xx_hal_tim.o(i.HAL_TIM_ConfigClockSource)
    HAL_TIM_IC_CaptureCallback               0x08002705   Thumb Code     2  stm32f1xx_hal_tim.o(i.HAL_TIM_IC_CaptureCallback)
    HAL_TIM_IRQHandler                       0x08002707   Thumb Code   312  stm32f1xx_hal_tim.o(i.HAL_TIM_IRQHandler)
    HAL_TIM_MspPostInit                      0x08002841   Thumb Code    64  tim.o(i.HAL_TIM_MspPostInit)
    HAL_TIM_OC_DelayElapsedCallback          0x0800288d   Thumb Code     2  stm32f1xx_hal_tim.o(i.HAL_TIM_OC_DelayElapsedCallback)
    HAL_TIM_PWM_ConfigChannel                0x0800288f   Thumb Code   216  stm32f1xx_hal_tim.o(i.HAL_TIM_PWM_ConfigChannel)
    HAL_TIM_PWM_Init                         0x08002967   Thumb Code    74  stm32f1xx_hal_tim.o(i.HAL_TIM_PWM_Init)
    HAL_TIM_PWM_MspInit                      0x080029b1   Thumb Code    30  tim.o(i.HAL_TIM_PWM_MspInit)
    HAL_TIM_PWM_PulseFinishedCallback        0x080029d9   Thumb Code     2  stm32f1xx_hal_tim.o(i.HAL_TIM_PWM_PulseFinishedCallback)
    HAL_TIM_PWM_Start                        0x080029dd   Thumb Code   160  stm32f1xx_hal_tim.o(i.HAL_TIM_PWM_Start)
    HAL_TIM_PeriodElapsedCallback            0x08002a89   Thumb Code    16  stm32f1xx_it.o(i.HAL_TIM_PeriodElapsedCallback)
    HAL_TIM_TriggerCallback                  0x08002a9d   Thumb Code     2  stm32f1xx_hal_tim.o(i.HAL_TIM_TriggerCallback)
    HAL_UARTEx_RxEventCallback               0x08002a9f   Thumb Code     2  stm32f1xx_hal_uart.o(i.HAL_UARTEx_RxEventCallback)
    HAL_UART_ErrorCallback                   0x08002aa1   Thumb Code     2  stm32f1xx_hal_uart.o(i.HAL_UART_ErrorCallback)
    HAL_UART_IRQHandler                      0x08002aa5   Thumb Code   554  stm32f1xx_hal_uart.o(i.HAL_UART_IRQHandler)
    HAL_UART_Receive_IT                      0x08002cd5   Thumb Code    28  stm32f1xx_hal_uart.o(i.HAL_UART_Receive_IT)
    HAL_UART_RxCpltCallback                  0x08002cf1   Thumb Code    76  usart.o(i.HAL_UART_RxCpltCallback)
    HAL_UART_Transmit                        0x08002d49   Thumb Code   174  stm32f1xx_hal_uart.o(i.HAL_UART_Transmit)
    HAL_UART_TxCpltCallback                  0x08002df7   Thumb Code     2  stm32f1xx_hal_uart.o(i.HAL_UART_TxCpltCallback)
    HardFault_Handler                        0x08002df9   Thumb Code     2  stm32f1xx_it.o(i.HardFault_Handler)
    Kalman_GetAngle                          0x08003521   Thumb Code   270  pid.o(i.Kalman_GetAngle)
    Kalman_Init                              0x0800362f   Thumb Code    26  pid.o(i.Kalman_Init)
    MPU6050ReadAcc                           0x08003649   Thumb Code    58  mpu6050.o(i.MPU6050ReadAcc)
    MPU6050ReadGyro                          0x08003683   Thumb Code    58  mpu6050.o(i.MPU6050ReadGyro)
    MPU6050_Get_Angle                        0x080036bd   Thumb Code   104  app.o(i.MPU6050_Get_Angle)
    MPU6050_Init                             0x0800372d   Thumb Code    52  mpu6050.o(i.MPU6050_Init)
    MPU6050_ReadData                         0x08003761   Thumb Code    24  mpu6050.o(i.MPU6050_ReadData)
    MPU6050_WriteReg                         0x0800377d   Thumb Code    32  mpu6050.o(i.MPU6050_WriteReg)
    MX_GPIO_Init                             0x080037a1   Thumb Code   162  gpio.o(i.MX_GPIO_Init)
    MX_I2C1_Init                             0x08003851   Thumb Code    50  i2c.o(i.MX_I2C1_Init)
    MX_I2C2_Init                             0x08003891   Thumb Code    50  i2c.o(i.MX_I2C2_Init)
    MX_TIM1_Init                             0x080038d1   Thumb Code   172  tim.o(i.MX_TIM1_Init)
    MX_TIM2_Init                             0x08003985   Thumb Code    96  tim.o(i.MX_TIM2_Init)
    MemManage_Handler                        0x080039e9   Thumb Code     2  stm32f1xx_it.o(i.MemManage_Handler)
    NMI_Handler                              0x080039eb   Thumb Code     2  stm32f1xx_it.o(i.NMI_Handler)
    OLED_Clear                               0x080039ed   Thumb Code    38  oled.o(i.OLED_Clear)
    OLED_DrawPoint                           0x08003a19   Thumb Code    46  oled.o(i.OLED_DrawPoint)
    OLED_Init                                0x08003a4d   Thumb Code   240  oled.o(i.OLED_Init)
    OLED_Pow                                 0x08003b3d   Thumb Code    16  oled.o(i.OLED_Pow)
    OLED_Refresh                             0x08003b4d   Thumb Code    94  oled.o(i.OLED_Refresh)
    OLED_ShowChar                            0x08003bb5   Thumb Code   230  oled.o(i.OLED_ShowChar)
    OLED_ShowNum                             0x08003cad   Thumb Code   122  oled.o(i.OLED_ShowNum)
    OLED_ShowString                          0x08003d27   Thumb Code    60  oled.o(i.OLED_ShowString)
    OLED_WR_Byte                             0x08003d65   Thumb Code    44  oled.o(i.OLED_WR_Byte)
    PID_Compute                              0x08003d95   Thumb Code   258  pid.o(i.PID_Compute)
    PID_Init                                 0x08003e97   Thumb Code    52  pid.o(i.PID_Init)
    PendSV_Handler                           0x08003ecb   Thumb Code     2  stm32f1xx_it.o(i.PendSV_Handler)
    Perform_Level_Calibration                0x08003ecd   Thumb Code   282  app.o(i.Perform_Level_Calibration)
    Process_IMU                              0x08004021   Thumb Code   842  app.o(i.Process_IMU)
    SVC_Handler                              0x08004415   Thumb Code     2  stm32f1xx_it.o(i.SVC_Handler)
    SysTick_Handler                          0x08004417   Thumb Code     4  stm32f1xx_it.o(i.SysTick_Handler)
    SystemClock_Config                       0x0800441b   Thumb Code    94  main.o(i.SystemClock_Config)
    SystemInit                               0x08004479   Thumb Code     2  system_stm32f1xx.o(i.SystemInit)
    TIM2_IRQHandler                          0x0800447d   Thumb Code     6  stm32f1xx_it.o(i.TIM2_IRQHandler)
    TIM_Base_SetConfig                       0x08004489   Thumb Code   108  stm32f1xx_hal_tim.o(i.TIM_Base_SetConfig)
    TIM_CCxChannelCmd                        0x08004501   Thumb Code    26  stm32f1xx_hal_tim.o(i.TIM_CCxChannelCmd)
    TIM_ETR_SetConfig                        0x0800451b   Thumb Code    20  stm32f1xx_hal_tim.o(i.TIM_ETR_SetConfig)
    TIM_OC2_SetConfig                        0x080045a1   Thumb Code    94  stm32f1xx_hal_tim.o(i.TIM_OC2_SetConfig)
    UART_ParsePIDUpdate                      0x0800476d   Thumb Code   126  usart.o(i.UART_ParsePIDUpdate)
    UART_Start_Receive_IT                    0x080048bd   Thumb Code    56  stm32f1xx_hal_uart.o(i.UART_Start_Receive_IT)
    USART1_IRQHandler                        0x080049c9   Thumb Code     6  usart.o(i.USART1_IRQHandler)
    UsageFault_Handler                       0x080049d5   Thumb Code     2  stm32f1xx_it.o(i.UsageFault_Handler)
    __0snprintf                              0x080049d9   Thumb Code    44  printfa.o(i.__0snprintf)
    __1snprintf                              0x080049d9   Thumb Code     0  printfa.o(i.__0snprintf)
    __2snprintf                              0x080049d9   Thumb Code     0  printfa.o(i.__0snprintf)
    __c89snprintf                            0x080049d9   Thumb Code     0  printfa.o(i.__0snprintf)
    snprintf                                 0x080049d9   Thumb Code     0  printfa.o(i.__0snprintf)
    __ARM_fpclassifyf                        0x08004a09   Thumb Code    38  fpclassifyf.o(i.__ARM_fpclassifyf)
    __mathlib_flt_infnan2                    0x08004a4f   Thumb Code     4  funder.o(i.__mathlib_flt_infnan2)
    __mathlib_flt_underflow                  0x08004a53   Thumb Code    10  funder.o(i.__mathlib_flt_underflow)
    __mathlib_narrow                         0x08004a5d   Thumb Code    16  narrow.o(i.__mathlib_narrow)
    __mathlib_tofloat                        0x08004a6d   Thumb Code   184  narrow.o(i.__mathlib_tofloat)
    __scatterload_copy                       0x08004b29   Thumb Code    14  handlers.o(i.__scatterload_copy)
    __scatterload_null                       0x08004b37   Thumb Code     2  handlers.o(i.__scatterload_null)
    __scatterload_zeroinit                   0x08004b39   Thumb Code    14  handlers.o(i.__scatterload_zeroinit)
    __set_errno                              0x08004b49   Thumb Code     6  errno.o(i.__set_errno)
    _is_digit                                0x08004cd9   Thumb Code    14  scanf_fp.o(i._is_digit)
    atan2f                                   0x0800542d   Thumb Code   528  atan2f.o(i.atan2f)
    frexp                                    0x08005689   Thumb Code    80  frexp.o(i.frexp)
    main                                     0x080056e1   Thumb Code    56  main.o(i.main)
    sqrtf                                    0x08005721   Thumb Code    44  sqrtf.o(i.sqrtf)
    strtof                                   0x0800574d   Thumb Code    20  strtof.o(i.strtof)
    AHBPrescTable                            0x08005760   Data          16  system_stm32f1xx.o(.constdata)
    APBPrescTable                            0x08005770   Data           8  system_stm32f1xx.o(.constdata)
    asc2_0806                                0x08005778   Data         552  oled.o(.constdata)
    asc2_1206                                0x080059a0   Data        1140  oled.o(.constdata)
    asc2_1608                                0x08005e14   Data        1520  oled.o(.constdata)
    asc2_2412                                0x08006404   Data        3420  oled.o(.constdata)
    Hzk1                                     0x08007160   Data         352  oled.o(.constdata)
    Hzk2                                     0x080072c0   Data          72  oled.o(.constdata)
    Hzk3                                     0x08007308   Data         128  oled.o(.constdata)
    Hzk4                                     0x08007388   Data         512  oled.o(.constdata)
    __ctype_categories                       0x0800759a   Data          64  ctype_c.o(.constdata)
    Region$$Table$$Base                      0x080075dc   Number         0  anon$$obj.o(Region$$Table)
    Region$$Table$$Limit                     0x080075fc   Number         0  anon$$obj.o(Region$$Table)
    IR_Trigger_Flag                          0x20000008   Data           1  ir.o(.data)
    imu_update_flag                          0x20000034   Data           1  main.o(.data)
    servoPitchPulse                          0x20000036   Data           2  main.o(.data)
    servoRollPulse                           0x20000038   Data           2  main.o(.data)
    stable_counter                           0x2000003c   Data           4  main.o(.data)
    total_time_counter                       0x20000040   Data           4  main.o(.data)
    ball_stable                              0x20000044   Data           1  main.o(.data)
    Accel                                    0x20000046   Data           6  main.o(.data)
    Gyro                                     0x2000004c   Data           6  main.o(.data)
    SystemCoreClock                          0x20000054   Data           4  system_stm32f1xx.o(.data)
    uwTickFreq                               0x20000058   Data           1  stm32f1xx_hal.o(.data)
    uwTickPrio                               0x2000005c   Data           4  stm32f1xx_hal.o(.data)
    uwTick                                   0x20000060   Data           4  stm32f1xx_hal.o(.data)
    huart1                                   0x20000068   Data          72  usart.o(.bss)
    AccelData                                0x20000130   Data          12  main.o(.bss)
    GyroData                                 0x2000013c   Data          12  main.o(.bss)
    imuAngle                                 0x20000148   Data          12  main.o(.bss)
    kalmanPitch                              0x20000154   Data          40  main.o(.bss)
    kalmanRoll                               0x2000017c   Data          40  main.o(.bss)
    pidPitch                                 0x200001a4   Data          56  main.o(.bss)
    pidRoll                                  0x200001dc   Data          56  main.o(.bss)
    hi2c1                                    0x20000214   Data          84  i2c.o(.bss)
    hi2c2                                    0x20000268   Data          84  i2c.o(.bss)
    htim1                                    0x200002bc   Data          72  tim.o(.bss)
    htim2                                    0x20000304   Data          72  tim.o(.bss)
    OLED_GRAM                                0x2000034c   Data        1152  oled.o(.bss)
    __initial_sp                             0x20000bd0   Data           0  startup_stm32f103xb.o(STACK)



==============================================================================

Memory Map of the image

  Image Entry point : 0x080000ed

  Load Region LR_IROM1 (Base: 0x08000000, Size: 0x00007664, Max: 0x00010000, ABSOLUTE)

    Execution Region ER_IROM1 (Exec base: 0x08000000, Load base: 0x08000000, Size: 0x000075fc, Max: 0x00010000, ABSOLUTE)

    Exec Addr    Load Addr    Size         Type   Attr      Idx    E Section Name        Object

    0x08000000   0x08000000   0x000000ec   Data   RO            3    RESET               startup_stm32f103xb.o
    0x080000ec   0x080000ec   0x00000000   Code   RO         3888  * .ARM.Collect$$$$00000000  mc_w.l(entry.o)
    0x080000ec   0x080000ec   0x00000004   Code   RO         4202    .ARM.Collect$$$$00000001  mc_w.l(entry2.o)
    0x080000f0   0x080000f0   0x00000004   Code   RO         4205    .ARM.Collect$$$$00000004  mc_w.l(entry5.o)
    0x080000f4   0x080000f4   0x00000000   Code   RO         4207    .ARM.Collect$$$$00000008  mc_w.l(entry7b.o)
    0x080000f4   0x080000f4   0x00000000   Code   RO         4209    .ARM.Collect$$$$0000000A  mc_w.l(entry8b.o)
    0x080000f4   0x080000f4   0x00000008   Code   RO         4210    .ARM.Collect$$$$0000000B  mc_w.l(entry9a.o)
    0x080000fc   0x080000fc   0x00000000   Code   RO         4212    .ARM.Collect$$$$0000000D  mc_w.l(entry10a.o)
    0x080000fc   0x080000fc   0x00000000   Code   RO         4214    .ARM.Collect$$$$0000000F  mc_w.l(entry11a.o)
    0x080000fc   0x080000fc   0x00000004   Code   RO         4203    .ARM.Collect$$$$00002712  mc_w.l(entry2.o)
    0x08000100   0x08000100   0x00000024   Code   RO            4    .text               startup_stm32f103xb.o
    0x08000124   0x08000124   0x00000020   Code   RO         3891    .text               mc_w.l(llushr.o)
    0x08000144   0x08000144   0x00000024   Code   RO         3893    .text               mc_w.l(memseta.o)
    0x08000168   0x08000168   0x000000b0   Code   RO         4158    .text               mf_w.l(fadd.o)
    0x08000218   0x08000218   0x00000064   Code   RO         4160    .text               mf_w.l(fmul.o)
    0x0800027c   0x0800027c   0x0000007c   Code   RO         4162    .text               mf_w.l(fdiv.o)
    0x080002f8   0x080002f8   0x00000018   Code   RO         4164    .text               mf_w.l(fscalb.o)
    0x08000310   0x08000310   0x0000014e   Code   RO         4166    .text               mf_w.l(dadd.o)
    0x0800045e   0x0800045e   0x000000de   Code   RO         4168    .text               mf_w.l(ddiv.o)
    0x0800053c   0x0800053c   0x00000012   Code   RO         4170    .text               mf_w.l(fflti.o)
    0x0800054e   0x0800054e   0x0000000a   Code   RO         4172    .text               mf_w.l(ffltui.o)
    0x08000558   0x08000558   0x00000032   Code   RO         4176    .text               mf_w.l(ffixi.o)
    0x0800058a   0x0800058a   0x00000026   Code   RO         4180    .text               mf_w.l(f2d.o)
    0x080005b0   0x080005b0   0x00000014   Code   RO         4182    .text               mf_w.l(cfcmple.o)
    0x080005c4   0x080005c4   0x00000014   Code   RO         4184    .text               mf_w.l(cfrcmple.o)
    0x080005d8   0x080005d8   0x0000002c   Code   RO         4219    .text               mc_w.l(uidiv.o)
    0x08000604   0x08000604   0x00000062   Code   RO         4221    .text               mc_w.l(uldiv.o)
    0x08000666   0x08000666   0x0000001e   Code   RO         4223    .text               mc_w.l(llshl.o)
    0x08000684   0x08000684   0x00000024   Code   RO         4225    .text               mc_w.l(llsshr.o)
    0x080006a8   0x080006a8   0x0000001a   Code   RO         4234    .text               mc_w.l(strtof.o)
    0x080006c2   0x080006c2   0x00000000   Code   RO         4236    .text               mc_w.l(iusefp.o)
    0x080006c2   0x080006c2   0x0000006e   Code   RO         4237    .text               mf_w.l(fepilogue.o)
    0x08000730   0x08000730   0x0000005e   Code   RO         4239    .text               mf_w.l(fsqrt.o)
    0x0800078e   0x0800078e   0x000000ba   Code   RO         4241    .text               mf_w.l(depilogue.o)
    0x08000848   0x08000848   0x000000e4   Code   RO         4243    .text               mf_w.l(dmul.o)
    0x0800092c   0x0800092c   0x00000030   Code   RO         4245    .text               mf_w.l(dfixul.o)
    0x0800095c   0x0800095c   0x00000030   Code   RO         4247    .text               mf_w.l(cdrcmple.o)
    0x0800098c   0x0800098c   0x00000024   Code   RO         4255    .text               mc_w.l(init.o)
    0x080009b0   0x080009b0   0x0000009c   Code   RO         4258    .text               mc_w.l(strtod.o)
    0x08000a4c   0x08000a4c   0x0000000a   Code   RO         4265    .text               mc_w.l(isspace_c.o)
    0x08000a56   0x08000a56   0x00000002   PAD
    0x08000a58   0x08000a58   0x00000360   Code   RO         4267    .text               mc_w.l(scanf_fp.o)
    0x08000db8   0x08000db8   0x00000040   Code   RO         4271    .text               mc_w.l(_sgetc.o)
    0x08000df8   0x08000df8   0x00000030   Code   RO         4273    .text               mf_w.l(cdcmple.o)
    0x08000e28   0x08000e28   0x00000038   Code   RO         4275    .text               mf_w.l(d2f.o)
    0x08000e60   0x08000e60   0x00000004   Code   RO         4277    .text               mf_w.l(fpstat.o)
    0x08000e64   0x08000e64   0x00000028   Code   RO         4279    .text               mc_w.l(ctype_c.o)
    0x08000e8c   0x08000e8c   0x0000002e   Code   RO         4282    .text               mf_w.l(dscalb.o)
    0x08000eba   0x08000eba   0x00000018   Code   RO         4284    .text               mf_w.l(dfltul.o)
    0x08000ed2   0x08000ed2   0x00000002   PAD
    0x08000ed4   0x08000ed4   0x0000016c   Code   RO          403    i.Application_Init  app.o
    0x08001040   0x08001040   0x00000002   Code   RO          675    i.BusFault_Handler  stm32f1xx_it.o
    0x08001042   0x08001042   0x00000002   Code   RO          676    i.DebugMon_Handler  stm32f1xx_it.o
    0x08001044   0x08001044   0x000000ac   Code   RO          309    i.Display_Angle     display.o
    0x080010f0   0x080010f0   0x00000180   Code   RO          310    i.Display_Status    display.o
    0x08001270   0x08001270   0x00000006   Code   RO          677    i.EXTI1_IRQHandler  stm32f1xx_it.o
    0x08001276   0x08001276   0x00000006   Code   RO          678    i.EXTI2_IRQHandler  stm32f1xx_it.o
    0x0800127c   0x0800127c   0x00000006   Code   RO          679    i.EXTI3_IRQHandler  stm32f1xx_it.o
    0x08001282   0x08001282   0x00000006   Code   RO          680    i.EXTI4_IRQHandler  stm32f1xx_it.o
    0x08001288   0x08001288   0x00000006   Code   RO          681    i.EXTI9_5_IRQHandler  stm32f1xx_it.o
    0x0800128e   0x0800128e   0x00000004   Code   RO          471    i.Error_Handler     main.o
    0x08001292   0x08001292   0x00000002   PAD
    0x08001294   0x08001294   0x00000024   Code   RO          356    i.Get_IR_Position   ir.o
    0x080012b8   0x080012b8   0x00000010   Code   RO          357    i.Get_IR_Roll_Angle  ir.o
    0x080012c8   0x080012c8   0x00000046   Code   RO         1897    i.HAL_DMA_Abort     stm32f1xx_hal_dma.o
    0x0800130e   0x0800130e   0x00000002   PAD
    0x08001310   0x08001310   0x00000098   Code   RO         1898    i.HAL_DMA_Abort_IT  stm32f1xx_hal_dma.o
    0x080013a8   0x080013a8   0x00000024   Code   RO         1518    i.HAL_Delay         stm32f1xx_hal.o
    0x080013cc   0x080013cc   0x00000020   Code   RO          358    i.HAL_GPIO_EXTI_Callback  ir.o
    0x080013ec   0x080013ec   0x00000018   Code   RO         1832    i.HAL_GPIO_EXTI_IRQHandler  stm32f1xx_hal_gpio.o
    0x08001404   0x08001404   0x000001f0   Code   RO         1833    i.HAL_GPIO_Init     stm32f1xx_hal_gpio.o
    0x080015f4   0x080015f4   0x0000000e   Code   RO         1835    i.HAL_GPIO_ReadPin  stm32f1xx_hal_gpio.o
    0x08001602   0x08001602   0x00000002   PAD
    0x08001604   0x08001604   0x0000000c   Code   RO         1522    i.HAL_GetTick       stm32f1xx_hal.o
    0x08001610   0x08001610   0x00000198   Code   RO         1045    i.HAL_I2C_Init      stm32f1xx_hal_i2c.o
    0x080017a8   0x080017a8   0x00000148   Code   RO         1058    i.HAL_I2C_Master_Transmit  stm32f1xx_hal_i2c.o
    0x080018f0   0x080018f0   0x000002e8   Code   RO         1063    i.HAL_I2C_Mem_Read  stm32f1xx_hal_i2c.o
    0x08001bd8   0x08001bd8   0x00000144   Code   RO         1066    i.HAL_I2C_Mem_Write  stm32f1xx_hal_i2c.o
    0x08001d1c   0x08001d1c   0x000000ac   Code   RO          562    i.HAL_I2C_MspInit   i2c.o
    0x08001dc8   0x08001dc8   0x00000010   Code   RO         1528    i.HAL_IncTick       stm32f1xx_hal.o
    0x08001dd8   0x08001dd8   0x00000024   Code   RO         1529    i.HAL_Init          stm32f1xx_hal.o
    0x08001dfc   0x08001dfc   0x00000044   Code   RO         1530    i.HAL_InitTick      stm32f1xx_hal.o
    0x08001e40   0x08001e40   0x0000003c   Code   RO          793    i.HAL_MspInit       stm32f1xx_hal_msp.o
    0x08001e7c   0x08001e7c   0x0000001a   Code   RO         1993    i.HAL_NVIC_EnableIRQ  stm32f1xx_hal_cortex.o
    0x08001e96   0x08001e96   0x00000002   PAD
    0x08001e98   0x08001e98   0x00000040   Code   RO         1999    i.HAL_NVIC_SetPriority  stm32f1xx_hal_cortex.o
    0x08001ed8   0x08001ed8   0x00000024   Code   RO         2000    i.HAL_NVIC_SetPriorityGrouping  stm32f1xx_hal_cortex.o
    0x08001efc   0x08001efc   0x00000154   Code   RO         1686    i.HAL_RCC_ClockConfig  stm32f1xx_hal_rcc.o
    0x08002050   0x08002050   0x0000000c   Code   RO         1691    i.HAL_RCC_GetHCLKFreq  stm32f1xx_hal_rcc.o
    0x0800205c   0x0800205c   0x00000020   Code   RO         1693    i.HAL_RCC_GetPCLK1Freq  stm32f1xx_hal_rcc.o
    0x0800207c   0x0800207c   0x0000004c   Code   RO         1695    i.HAL_RCC_GetSysClockFreq  stm32f1xx_hal_rcc.o
    0x080020c8   0x080020c8   0x00000384   Code   RO         1698    i.HAL_RCC_OscConfig  stm32f1xx_hal_rcc.o
    0x0800244c   0x0800244c   0x00000028   Code   RO         2004    i.HAL_SYSTICK_Config  stm32f1xx_hal_cortex.o
    0x08002474   0x08002474   0x00000002   Code   RO         3231    i.HAL_TIMEx_BreakCallback  stm32f1xx_hal_tim_ex.o
    0x08002476   0x08002476   0x00000002   Code   RO         3232    i.HAL_TIMEx_CommutCallback  stm32f1xx_hal_tim_ex.o
    0x08002478   0x08002478   0x00000054   Code   RO         3234    i.HAL_TIMEx_ConfigBreakDeadTime  stm32f1xx_hal_tim_ex.o
    0x080024cc   0x080024cc   0x00000068   Code   RO         3250    i.HAL_TIMEx_MasterConfigSynchronization  stm32f1xx_hal_tim_ex.o
    0x08002534   0x08002534   0x0000004a   Code   RO         2516    i.HAL_TIM_Base_Init  stm32f1xx_hal_tim.o
    0x0800257e   0x0800257e   0x00000002   PAD
    0x08002580   0x08002580   0x00000038   Code   RO          610    i.HAL_TIM_Base_MspInit  tim.o
    0x080025b8   0x080025b8   0x00000064   Code   RO         2521    i.HAL_TIM_Base_Start_IT  stm32f1xx_hal_tim.o
    0x0800261c   0x0800261c   0x000000e8   Code   RO         2525    i.HAL_TIM_ConfigClockSource  stm32f1xx_hal_tim.o
    0x08002704   0x08002704   0x00000002   Code   RO         2550    i.HAL_TIM_IC_CaptureCallback  stm32f1xx_hal_tim.o
    0x08002706   0x08002706   0x00000138   Code   RO         2564    i.HAL_TIM_IRQHandler  stm32f1xx_hal_tim.o
    0x0800283e   0x0800283e   0x00000002   PAD
    0x08002840   0x08002840   0x0000004c   Code   RO          611    i.HAL_TIM_MspPostInit  tim.o
    0x0800288c   0x0800288c   0x00000002   Code   RO         2567    i.HAL_TIM_OC_DelayElapsedCallback  stm32f1xx_hal_tim.o
    0x0800288e   0x0800288e   0x000000d8   Code   RO         2588    i.HAL_TIM_PWM_ConfigChannel  stm32f1xx_hal_tim.o
    0x08002966   0x08002966   0x0000004a   Code   RO         2591    i.HAL_TIM_PWM_Init  stm32f1xx_hal_tim.o
    0x080029b0   0x080029b0   0x00000028   Code   RO          613    i.HAL_TIM_PWM_MspInit  tim.o
    0x080029d8   0x080029d8   0x00000002   Code   RO         2594    i.HAL_TIM_PWM_PulseFinishedCallback  stm32f1xx_hal_tim.o
    0x080029da   0x080029da   0x00000002   PAD
    0x080029dc   0x080029dc   0x000000ac   Code   RO         2596    i.HAL_TIM_PWM_Start  stm32f1xx_hal_tim.o
    0x08002a88   0x08002a88   0x00000014   Code   RO          682    i.HAL_TIM_PeriodElapsedCallback  stm32f1xx_it.o
    0x08002a9c   0x08002a9c   0x00000002   Code   RO         2607    i.HAL_TIM_TriggerCallback  stm32f1xx_hal_tim.o
    0x08002a9e   0x08002a9e   0x00000002   Code   RO         3510    i.HAL_UARTEx_RxEventCallback  stm32f1xx_hal_uart.o
    0x08002aa0   0x08002aa0   0x00000002   Code   RO         3524    i.HAL_UART_ErrorCallback  stm32f1xx_hal_uart.o
    0x08002aa2   0x08002aa2   0x00000002   PAD
    0x08002aa4   0x08002aa4   0x00000230   Code   RO         3527    i.HAL_UART_IRQHandler  stm32f1xx_hal_uart.o
    0x08002cd4   0x08002cd4   0x0000001c   Code   RO         3533    i.HAL_UART_Receive_IT  stm32f1xx_hal_uart.o
    0x08002cf0   0x08002cf0   0x00000058   Code   RO          239    i.HAL_UART_RxCpltCallback  usart.o
    0x08002d48   0x08002d48   0x000000ae   Code   RO         3536    i.HAL_UART_Transmit  stm32f1xx_hal_uart.o
    0x08002df6   0x08002df6   0x00000002   Code   RO         3539    i.HAL_UART_TxCpltCallback  stm32f1xx_hal_uart.o
    0x08002df8   0x08002df8   0x00000002   Code   RO          683    i.HardFault_Handler  stm32f1xx_it.o
    0x08002dfa   0x08002dfa   0x0000002e   Code   RO         1089    i.I2C_IsAcknowledgeFailed  stm32f1xx_hal_i2c.o
    0x08002e28   0x08002e28   0x000000b0   Code   RO         1093    i.I2C_MasterRequestWrite  stm32f1xx_hal_i2c.o
    0x08002ed8   0x08002ed8   0x00000140   Code   RO         1100    i.I2C_RequestMemoryRead  stm32f1xx_hal_i2c.o
    0x08003018   0x08003018   0x000000c4   Code   RO         1101    i.I2C_RequestMemoryWrite  stm32f1xx_hal_i2c.o
    0x080030dc   0x080030dc   0x00000058   Code   RO         1109    i.I2C_WaitOnBTFFlagUntilTimeout  stm32f1xx_hal_i2c.o
    0x08003134   0x08003134   0x000000ac   Code   RO         1110    i.I2C_WaitOnFlagUntilTimeout  stm32f1xx_hal_i2c.o
    0x080031e0   0x080031e0   0x000000c8   Code   RO         1111    i.I2C_WaitOnMasterAddressFlagUntilTimeout  stm32f1xx_hal_i2c.o
    0x080032a8   0x080032a8   0x00000076   Code   RO         1112    i.I2C_WaitOnRXNEFlagUntilTimeout  stm32f1xx_hal_i2c.o
    0x0800331e   0x0800331e   0x00000058   Code   RO         1115    i.I2C_WaitOnTXEFlagUntilTimeout  stm32f1xx_hal_i2c.o
    0x08003376   0x08003376   0x00000002   PAD
    0x08003378   0x08003378   0x000001a8   Code   RO          359    i.IR_Scan           ir.o
    0x08003520   0x08003520   0x0000010e   Code   RO          189    i.Kalman_GetAngle   pid.o
    0x0800362e   0x0800362e   0x0000001a   Code   RO          190    i.Kalman_Init       pid.o
    0x08003648   0x08003648   0x0000003a   Code   RO           13    i.MPU6050ReadAcc    mpu6050.o
    0x08003682   0x08003682   0x0000003a   Code   RO           14    i.MPU6050ReadGyro   mpu6050.o
    0x080036bc   0x080036bc   0x00000070   Code   RO          404    i.MPU6050_Get_Angle  app.o
    0x0800372c   0x0800372c   0x00000034   Code   RO           17    i.MPU6050_Init      mpu6050.o
    0x08003760   0x08003760   0x0000001c   Code   RO           18    i.MPU6050_ReadData  mpu6050.o
    0x0800377c   0x0800377c   0x00000024   Code   RO           20    i.MPU6050_WriteReg  mpu6050.o
    0x080037a0   0x080037a0   0x000000b0   Code   RO          537    i.MX_GPIO_Init      gpio.o
    0x08003850   0x08003850   0x00000040   Code   RO          563    i.MX_I2C1_Init      i2c.o
    0x08003890   0x08003890   0x00000040   Code   RO          564    i.MX_I2C2_Init      i2c.o
    0x080038d0   0x080038d0   0x000000b4   Code   RO          614    i.MX_TIM1_Init      tim.o
    0x08003984   0x08003984   0x00000064   Code   RO          615    i.MX_TIM2_Init      tim.o
    0x080039e8   0x080039e8   0x00000002   Code   RO          684    i.MemManage_Handler  stm32f1xx_it.o
    0x080039ea   0x080039ea   0x00000002   Code   RO          685    i.NMI_Handler       stm32f1xx_it.o
    0x080039ec   0x080039ec   0x0000002c   Code   RO          855    i.OLED_Clear        oled.o
    0x08003a18   0x08003a18   0x00000034   Code   RO          862    i.OLED_DrawPoint    oled.o
    0x08003a4c   0x08003a4c   0x000000f0   Code   RO          864    i.OLED_Init         oled.o
    0x08003b3c   0x08003b3c   0x00000010   Code   RO          865    i.OLED_Pow          oled.o
    0x08003b4c   0x08003b4c   0x00000068   Code   RO          866    i.OLED_Refresh      oled.o
    0x08003bb4   0x08003bb4   0x000000f8   Code   RO          868    i.OLED_ShowChar     oled.o
    0x08003cac   0x08003cac   0x0000007a   Code   RO          870    i.OLED_ShowNum      oled.o
    0x08003d26   0x08003d26   0x0000003c   Code   RO          872    i.OLED_ShowString   oled.o
    0x08003d62   0x08003d62   0x00000002   PAD
    0x08003d64   0x08003d64   0x00000030   Code   RO          873    i.OLED_WR_Byte      oled.o
    0x08003d94   0x08003d94   0x00000102   Code   RO          191    i.PID_Compute       pid.o
    0x08003e96   0x08003e96   0x00000034   Code   RO          192    i.PID_Init          pid.o
    0x08003eca   0x08003eca   0x00000002   Code   RO          686    i.PendSV_Handler    stm32f1xx_it.o
    0x08003ecc   0x08003ecc   0x00000154   Code   RO          405    i.Perform_Level_Calibration  app.o
    0x08004020   0x08004020   0x000003d0   Code   RO          406    i.Process_IMU       app.o
    0x080043f0   0x080043f0   0x00000024   Code   RO         1699    i.RCC_Delay         stm32f1xx_hal_rcc.o
    0x08004414   0x08004414   0x00000002   Code   RO          687    i.SVC_Handler       stm32f1xx_it.o
    0x08004416   0x08004416   0x00000004   Code   RO          688    i.SysTick_Handler   stm32f1xx_it.o
    0x0800441a   0x0800441a   0x0000005e   Code   RO          472    i.SystemClock_Config  main.o
    0x08004478   0x08004478   0x00000002   Code   RO          818    i.SystemInit        system_stm32f1xx.o
    0x0800447a   0x0800447a   0x00000002   PAD
    0x0800447c   0x0800447c   0x0000000c   Code   RO          689    i.TIM2_IRQHandler   stm32f1xx_it.o
    0x08004488   0x08004488   0x00000078   Code   RO         2609    i.TIM_Base_SetConfig  stm32f1xx_hal_tim.o
    0x08004500   0x08004500   0x0000001a   Code   RO         2610    i.TIM_CCxChannelCmd  stm32f1xx_hal_tim.o
    0x0800451a   0x0800451a   0x00000014   Code   RO         2620    i.TIM_ETR_SetConfig  stm32f1xx_hal_tim.o
    0x0800452e   0x0800452e   0x00000010   Code   RO         2621    i.TIM_ITRx_SetConfig  stm32f1xx_hal_tim.o
    0x0800453e   0x0800453e   0x00000002   PAD
    0x08004540   0x08004540   0x00000060   Code   RO         2622    i.TIM_OC1_SetConfig  stm32f1xx_hal_tim.o
    0x080045a0   0x080045a0   0x00000064   Code   RO         2623    i.TIM_OC2_SetConfig  stm32f1xx_hal_tim.o
    0x08004604   0x08004604   0x00000060   Code   RO         2624    i.TIM_OC3_SetConfig  stm32f1xx_hal_tim.o
    0x08004664   0x08004664   0x00000048   Code   RO         2625    i.TIM_OC4_SetConfig  stm32f1xx_hal_tim.o
    0x080046ac   0x080046ac   0x00000022   Code   RO         2627    i.TIM_TI1_ConfigInputStage  stm32f1xx_hal_tim.o
    0x080046ce   0x080046ce   0x00000024   Code   RO         2629    i.TIM_TI2_ConfigInputStage  stm32f1xx_hal_tim.o
    0x080046f2   0x080046f2   0x00000010   Code   RO         3541    i.UART_DMAAbortOnError  stm32f1xx_hal_uart.o
    0x08004702   0x08004702   0x0000004e   Code   RO         3551    i.UART_EndRxTransfer  stm32f1xx_hal_uart.o
    0x08004750   0x08004750   0x0000001a   Code   RO         3552    i.UART_EndTransmit_IT  stm32f1xx_hal_uart.o
    0x0800476a   0x0800476a   0x00000002   PAD
    0x0800476c   0x0800476c   0x00000088   Code   RO          241    i.UART_ParsePIDUpdate  usart.o
    0x080047f4   0x080047f4   0x000000c8   Code   RO         3554    i.UART_Receive_IT   stm32f1xx_hal_uart.o
    0x080048bc   0x080048bc   0x00000038   Code   RO         3557    i.UART_Start_Receive_IT  stm32f1xx_hal_uart.o
    0x080048f4   0x080048f4   0x0000005e   Code   RO         3558    i.UART_Transmit_IT  stm32f1xx_hal_uart.o
    0x08004952   0x08004952   0x00000074   Code   RO         3559    i.UART_WaitOnFlagUntilTimeout  stm32f1xx_hal_uart.o
    0x080049c6   0x080049c6   0x00000002   PAD
    0x080049c8   0x080049c8   0x0000000c   Code   RO          243    i.USART1_IRQHandler  usart.o
    0x080049d4   0x080049d4   0x00000002   Code   RO          690    i.UsageFault_Handler  stm32f1xx_it.o
    0x080049d6   0x080049d6   0x00000002   PAD
    0x080049d8   0x080049d8   0x00000030   Code   RO         4131    i.__0snprintf       mc_w.l(printfa.o)
    0x08004a08   0x08004a08   0x00000026   Code   RO         4186    i.__ARM_fpclassifyf  m_ws.l(fpclassifyf.o)
    0x08004a2e   0x08004a2e   0x00000020   Code   RO         2006    i.__NVIC_SetPriority  stm32f1xx_hal_cortex.o
    0x08004a4e   0x08004a4e   0x00000004   Code   RO         4190    i.__mathlib_flt_infnan2  m_ws.l(funder.o)
    0x08004a52   0x08004a52   0x0000000a   Code   RO         4194    i.__mathlib_flt_underflow  m_ws.l(funder.o)
    0x08004a5c   0x08004a5c   0x00000010   Code   RO         4249    i.__mathlib_narrow  m_ws.l(narrow.o)
    0x08004a6c   0x08004a6c   0x000000bc   Code   RO         4250    i.__mathlib_tofloat  m_ws.l(narrow.o)
    0x08004b28   0x08004b28   0x0000000e   Code   RO         4288    i.__scatterload_copy  mc_w.l(handlers.o)
    0x08004b36   0x08004b36   0x00000002   Code   RO         4289    i.__scatterload_null  mc_w.l(handlers.o)
    0x08004b38   0x08004b38   0x0000000e   Code   RO         4290    i.__scatterload_zeroinit  mc_w.l(handlers.o)
    0x08004b46   0x08004b46   0x00000002   PAD
    0x08004b48   0x08004b48   0x0000000c   Code   RO         4229    i.__set_errno       mc_w.l(errno.o)
    0x08004b54   0x08004b54   0x00000184   Code   RO         4137    i._fp_digits        mc_w.l(printfa.o)
    0x08004cd8   0x08004cd8   0x0000000e   Code   RO         4269    i._is_digit         mc_w.l(scanf_fp.o)
    0x08004ce6   0x08004ce6   0x00000002   PAD
    0x08004ce8   0x08004ce8   0x000006dc   Code   RO         4138    i._printf_core      mc_w.l(printfa.o)
    0x080053c4   0x080053c4   0x00000024   Code   RO         4139    i._printf_post_padding  mc_w.l(printfa.o)
    0x080053e8   0x080053e8   0x0000002e   Code   RO         4140    i._printf_pre_padding  mc_w.l(printfa.o)
    0x08005416   0x08005416   0x00000016   Code   RO         4141    i._snputc           mc_w.l(printfa.o)
    0x0800542c   0x0800542c   0x0000025c   Code   RO         3869    i.atan2f            m_ws.l(atan2f.o)
    0x08005688   0x08005688   0x00000058   Code   RO         4262    i.frexp             m_ws.l(frexp.o)
    0x080056e0   0x080056e0   0x00000040   Code   RO          473    i.main              main.o
    0x08005720   0x08005720   0x0000002c   Code   RO         3877    i.sqrtf             m_ws.l(sqrtf.o)
    0x0800574c   0x0800574c   0x00000014   Code   RO         3885    i.strtof            m_ws.l(strtof.o)
    0x08005760   0x08005760   0x00000010   Data   RO          819    .constdata          system_stm32f1xx.o
    0x08005770   0x08005770   0x00000008   Data   RO          820    .constdata          system_stm32f1xx.o
    0x08005778   0x08005778   0x00001e10   Data   RO          875    .constdata          oled.o
    0x08007588   0x08007588   0x00000012   Data   RO         1700    .constdata          stm32f1xx_hal_rcc.o
    0x0800759a   0x0800759a   0x00000040   Data   RO         4280    .constdata          mc_w.l(ctype_c.o)
    0x080075da   0x080075da   0x00000002   PAD
    0x080075dc   0x080075dc   0x00000020   Data   RO         4286    Region$$Table       anon$$obj.o


    Execution Region RW_IRAM1 (Exec base: 0x20000000, Load base: 0x080075fc, Size: 0x00000bd0, Max: 0x00005000, ABSOLUTE)

    Exec Addr    Load Addr    Size         Type   Attr      Idx    E Section Name        Object

    0x20000000   0x080075fc   0x00000003   Data   RW          245    .data               usart.o
    0x20000003   0x080075ff   0x00000003   Data   RW          311    .data               display.o
    0x20000006   0x08007602   0x00000002   PAD
    0x20000008   0x08007604   0x0000000c   Data   RW          360    .data               ir.o
    0x20000014   0x08007610   0x00000020   Data   RW          409    .data               app.o
    0x20000034   0x08007630   0x00000001   Data   RW          481    .data               main.o
    0x20000035   0x08007631   0x00000001   PAD
    0x20000036   0x08007632   0x00000002   Data   RW          482    .data               main.o
    0x20000038   0x08007634   0x00000002   Data   RW          483    .data               main.o
    0x2000003a   0x08007636   0x00000002   PAD
    0x2000003c   0x08007638   0x00000004   Data   RW          484    .data               main.o
    0x20000040   0x0800763c   0x00000004   Data   RW          485    .data               main.o
    0x20000044   0x08007640   0x00000001   Data   RW          486    .data               main.o
    0x20000045   0x08007641   0x00000001   PAD
    0x20000046   0x08007642   0x00000006   Data   RW          487    .data               main.o
    0x2000004c   0x08007648   0x00000006   Data   RW          488    .data               main.o
    0x20000052   0x0800764e   0x00000002   PAD
    0x20000054   0x08007650   0x00000004   Data   RW          821    .data               system_stm32f1xx.o
    0x20000058   0x08007654   0x0000000c   Data   RW         1536    .data               stm32f1xx_hal.o
    0x20000064   0x08007660   0x00000004   Data   RW         4230    .data               mc_w.l(errno.o)
    0x20000068        -       0x00000088   Zero   RW          244    .bss                usart.o
    0x200000f0        -       0x00000040   Zero   RW          408    .bss                app.o
    0x20000130        -       0x0000000c   Zero   RW          474    .bss                main.o
    0x2000013c        -       0x0000000c   Zero   RW          475    .bss                main.o
    0x20000148        -       0x0000000c   Zero   RW          476    .bss                main.o
    0x20000154        -       0x00000028   Zero   RW          477    .bss                main.o
    0x2000017c        -       0x00000028   Zero   RW          478    .bss                main.o
    0x200001a4        -       0x00000038   Zero   RW          479    .bss                main.o
    0x200001dc        -       0x00000038   Zero   RW          480    .bss                main.o
    0x20000214        -       0x000000a8   Zero   RW          565    .bss                i2c.o
    0x200002bc        -       0x00000090   Zero   RW          616    .bss                tim.o
    0x2000034c        -       0x00000480   Zero   RW          874    .bss                oled.o
    0x200007cc   0x08007664   0x00000004   PAD
    0x200007d0        -       0x00000400   Zero   RW            1    STACK               startup_stm32f103xb.o


==============================================================================

Image component sizes


      Code (inc. data)   RO Data    RW Data    ZI Data      Debug   Object Name

      1792        306          0         32         64       5431   app.o
       556        120          0          3          0       2001   display.o
       176         14          0          0          0        831   gpio.o
       300         50          0          0        168       2130   i2c.o
       508         32          0         12          0       3517   ir.o
       162          8          0         26        228       3007   main.o
       232          8          0          0          0     435608   mpu6050.o
       934         44       7696          0       1152       6900   oled.o
       606          0          0          0          0       3969   pid.o
        36          8        236          0       1024        768   startup_stm32f103xb.o
       168         28          0         12          0       5617   stm32f1xx_hal.o
       198         14          0          0          0      28823   stm32f1xx_hal_cortex.o
       222          4          0          0          0       1635   stm32f1xx_hal_dma.o
       534         38          0          0          0       3282   stm32f1xx_hal_gpio.o
      3208         64          0          0          0      14116   stm32f1xx_hal_i2c.o
        60          8          0          0          0        794   stm32f1xx_hal_msp.o
      1396         80         18          0          0       5809   stm32f1xx_hal_rcc.o
      1804         58          0          0          0      14874   stm32f1xx_hal_tim.o
       192         14          0          0          0       3093   stm32f1xx_hal_tim_ex.o
      1354          6          0          0          0      10268   stm32f1xx_hal_uart.o
        82         10          0          0          0       6613   stm32f1xx_it.o
         2          0         24          4          0        991   system_stm32f1xx.o
       452         40          0          0        144       3191   tim.o
       236         28          0          3        136       2553   usart.o

    ----------------------------------------------------------------------
     15240        982       8006        100       2920     565821   Object Totals
         0          0         32          0          0          0   (incl. Generated)
        30          0          0          8          4          0   (incl. Padding)

    ----------------------------------------------------------------------

      Code (inc. data)   RO Data    RW Data    ZI Data      Debug   Library Member Name

       604         76          0          0          0        116   atan2f.o
        38          0          0          0          0         68   fpclassifyf.o
        88          8          0          0          0         76   frexp.o
        14          0          0          0          0        136   funder.o
       204          4          0          0          0        168   narrow.o
        44          0          0          0          0         80   sqrtf.o
        20          0          0          0          0         76   strtof.o
        64          0          0          0          0         84   _sgetc.o
        40          6         64          0          0         68   ctype_c.o
         0          0          0          0          0          0   entry.o
         0          0          0          0          0          0   entry10a.o
         0          0          0          0          0          0   entry11a.o
         8          4          0          0          0          0   entry2.o
         4          0          0          0          0          0   entry5.o
         0          0          0          0          0          0   entry7b.o
         0          0          0          0          0          0   entry8b.o
         8          4          0          0          0          0   entry9a.o
        12          6          0          4          0         68   errno.o
        30          0          0          0          0          0   handlers.o
        36          8          0          0          0         68   init.o
        10          0          0          0          0         68   isspace_c.o
         0          0          0          0          0          0   iusefp.o
        30          0          0          0          0         68   llshl.o
        36          0          0          0          0         68   llsshr.o
        32          0          0          0          0         68   llushr.o
        36          0          0          0          0        108   memseta.o
      2296         84          0          0          0        520   printfa.o
       878         12          0          0          0        216   scanf_fp.o
       156         12          0          0          0        120   strtod.o
        26          0          0          0          0         80   strtof.o
        44          0          0          0          0         80   uidiv.o
        98          0          0          0          0         92   uldiv.o
        48          0          0          0          0         68   cdcmple.o
        48          0          0          0          0         68   cdrcmple.o
        20          0          0          0          0         68   cfcmple.o
        20          0          0          0          0         68   cfrcmple.o
        56          0          0          0          0         88   d2f.o
       334          0          0          0          0        148   dadd.o
       222          0          0          0          0        100   ddiv.o
       186          0          0          0          0        176   depilogue.o
        48          0          0          0          0         68   dfixul.o
        24          0          0          0          0         76   dfltul.o
       228          0          0          0          0         96   dmul.o
        46          0          0          0          0         80   dscalb.o
        38          0          0          0          0         68   f2d.o
       176          0          0          0          0        140   fadd.o
       124          0          0          0          0         88   fdiv.o
       110          0          0          0          0        168   fepilogue.o
        50          0          0          0          0         68   ffixi.o
        18          0          0          0          0         68   fflti.o
        10          0          0          0          0         68   ffltui.o
       100          0          0          0          0         76   fmul.o
         4          0          0          0          0         68   fpstat.o
        24          0          0          0          0         68   fscalb.o
        94          0          0          0          0         96   fsqrt.o

    ----------------------------------------------------------------------
      6892        224         66          4          0       4576   Library Totals
         8          0          2          0          0          0   (incl. Padding)

    ----------------------------------------------------------------------

      Code (inc. data)   RO Data    RW Data    ZI Data      Debug   Library Name

      1012         88          0          0          0        720   m_ws.l
      3844        136         64          4          0       1776   mc_w.l
      2028          0          0          0          0       2080   mf_w.l

    ----------------------------------------------------------------------
      6892        224         66          4          0       4576   Library Totals

    ----------------------------------------------------------------------

==============================================================================


      Code (inc. data)   RO Data    RW Data    ZI Data      Debug   

     22132       1206       8072        104       2920     561293   Grand Totals
     22132       1206       8072        104       2920     561293   ELF Image Totals
     22132       1206       8072        104          0          0   ROM Totals

==============================================================================

    Total RO  Size (Code + RO Data)                30204 (  29.50kB)
    Total RW  Size (RW Data + ZI Data)              3024 (   2.95kB)
    Total ROM Size (Code + RO Data + RW Data)      30308 (  29.60kB)

==============================================================================

